<html>
<body>
<pre>
<h1>µVision Build Log</h1>
<h2>Tool Versions:</h2>
IDE-Version: µVision V5.25.2.0
Copyright (C) 2018 ARM Ltd and ARM Germany GmbH. All rights reserved.
License Information: 2 ¬Î‡‰, 1, LIC=----
 
Tool Versions:
Toolchain:       MDK-Lite  Version: 5.25.2.0
Toolchain Path:  C:\Keil\ARM\ARMCC\Bin
C Compiler:      Armcc.exe V5.06 update 6 (build 750)
Assembler:       Armasm.exe V5.06 update 6 (build 750)
Linker/Locator:  ArmLink.exe V5.06 update 6 (build 750)
Library Manager: ArmAr.exe V5.06 update 6 (build 750)
Hex Converter:   FromElf.exe V5.06 update 6 (build 750)
CPU DLL:         SARMCM3.DLL V5.25.2.0
Dialog DLL:      DCM.DLL V1.17.1.0
Target DLL:      Segger\JL2CM3.dll V2.99.29.0
Dialog DLL:      TCM.DLL V1.35.1.0
 
<h2>Project:</h2>
D:\Microcontrollers\Photodiodes_inspector\Keil Project\AT32F403A_407_Firmware_Library_EN_V2.1.5\project\at_start_f407\templates\mdk_v5\template.uvprojx
Project File Date:  11/25/2023

<h2>Output:</h2>
*** Using Compiler 'V5.06 update 6 (build 750)', folder: 'C:\Keil\ARM\ARMCC\Bin'
Build target 'template'
compiling main.c...
linking...
Program Size: Code=1600 RO-data=420 RW-data=16 ZI-data=1632  
FromELF: creating hex file...
".\objects\template.axf" - 0 Error(s), 0 Warning(s).

<h2>Software Packages used:</h2>

Package Vendor: ArteryTek
                
                ArteryTek.AT32F403A_407_DFP.2.0.8
                ArteryTek AT32F403A_407 Series Device Support,Drivers

<h2>Collection of Component include folders:</h2>
  .\RTE\_template
  C:\Keil\ARM\PACK\ArteryTek\AT32F403A_407_DFP\2.0.8\Device\Include

<h2>Collection of Component Files used:</h2>
Build Time Elapsed:  00:00:01
</pre>
</body>
</html>
