Component: ARM Compiler 5.06 update 6 (build 750) Tool: armlink [4d35ed]

==============================================================================

Section Cross References

    main.o(i.ClearKey) refers to main.o(.data) for KeyDown
    main.o(i.FindKey) refers to main.o(.data) for KeyTable
    main.o(i.GetKey) refers to main.o(.data) for KeyNew
    main.o(i.InitKeyboard) refers to main.o(.data) for KeyState
    main.o(i.SameKey) refers to main.o(.data) for KeyCode
    main.o(i.ScanKey) refers to main.o(.data) for KeyCode
    main.o(i.ScanKeyboard) refers to main.o(i.AnyKey) for AnyKey
    main.o(i.ScanKeyboard) refers to main.o(i.ScanKey) for ScanKey
    main.o(i.ScanKeyboard) refers to main.o(i.SameKey) for SameKey
    main.o(i.ScanKeyboard) refers to main.o(i.FindKey) for FindKey
    main.o(i.ScanKeyboard) refers to main.o(i.ClearKey) for ClearKey
    main.o(i.ScanKeyboard) refers to main.o(.data) for KeyState
    main.o(i.main) refers to at32f403a_407_wk_config.o(i.wk_system_clock_config) for wk_system_clock_config
    main.o(i.main) refers to at32f403a_407_wk_config.o(i.wk_periph_clock_config) for wk_periph_clock_config
    main.o(i.main) refers to at32f403a_407_wk_config.o(i.wk_debug_config) for wk_debug_config
    main.o(i.main) refers to at32f403a_407_wk_config.o(i.wk_nvic_config) for wk_nvic_config
    main.o(i.main) refers to at32f403a_407_wk_config.o(i.wk_tmr7_init) for wk_tmr7_init
    main.o(i.main) refers to at32f403a_407_wk_config.o(i.wk_gpio_config) for wk_gpio_config
    main.o(i.main) refers to lcd.o(i.LCD_Init) for LCD_Init
    main.o(i.main) refers to lcd.o(i.LCD_Clear) for LCD_Clear
    main.o(i.main) refers to lcd.o(i.LCD_String) for LCD_String
    main.o(i.main) refers to lcd.o(i.LCD_SetPos) for LCD_SetPos
    main.o(i.main) refers to main.o(i.InitKeyboard) for InitKeyboard
    main.o(i.main) refers to main.o(i.ScanKeyboard) for ScanKeyboard
    main.o(i.main) refers to main.o(i.GetKey) for GetKey
    main.o(i.main) refers to lcd.o(i.LCD_SendChar) for LCD_SendChar
    main.o(i.main) refers to main.o(.data) for string
    at32f403a_407_wk_config.o(i.wk_debug_config) refers to at32f403a_407_gpio.o(i.gpio_pin_remap_config) for gpio_pin_remap_config
    at32f403a_407_wk_config.o(i.wk_gpio_config) refers to at32f403a_407_gpio.o(i.gpio_default_para_init) for gpio_default_para_init
    at32f403a_407_wk_config.o(i.wk_gpio_config) refers to at32f403a_407_gpio.o(i.gpio_init) for gpio_init
    at32f403a_407_wk_config.o(i.wk_gpio_config) refers to at32f403a_407_gpio.o(i.gpio_bits_reset) for gpio_bits_reset
    at32f403a_407_wk_config.o(i.wk_nvic_config) refers to at32f403a_407_misc.o(i.nvic_priority_group_config) for nvic_priority_group_config
    at32f403a_407_wk_config.o(i.wk_periph_clock_config) refers to at32f403a_407_crm.o(i.crm_periph_clock_enable) for crm_periph_clock_enable
    at32f403a_407_wk_config.o(i.wk_system_clock_config) refers to at32f403a_407_crm.o(i.crm_reset) for crm_reset
    at32f403a_407_wk_config.o(i.wk_system_clock_config) refers to at32f403a_407_crm.o(i.crm_clock_source_enable) for crm_clock_source_enable
    at32f403a_407_wk_config.o(i.wk_system_clock_config) refers to at32f403a_407_crm.o(i.crm_flag_get) for crm_flag_get
    at32f403a_407_wk_config.o(i.wk_system_clock_config) refers to at32f403a_407_crm.o(i.crm_hext_stable_wait) for crm_hext_stable_wait
    at32f403a_407_wk_config.o(i.wk_system_clock_config) refers to at32f403a_407_crm.o(i.crm_pll_config) for crm_pll_config
    at32f403a_407_wk_config.o(i.wk_system_clock_config) refers to at32f403a_407_crm.o(i.crm_ahb_div_set) for crm_ahb_div_set
    at32f403a_407_wk_config.o(i.wk_system_clock_config) refers to at32f403a_407_crm.o(i.crm_apb2_div_set) for crm_apb2_div_set
    at32f403a_407_wk_config.o(i.wk_system_clock_config) refers to at32f403a_407_crm.o(i.crm_apb1_div_set) for crm_apb1_div_set
    at32f403a_407_wk_config.o(i.wk_system_clock_config) refers to at32f403a_407_crm.o(i.crm_auto_step_mode_enable) for crm_auto_step_mode_enable
    at32f403a_407_wk_config.o(i.wk_system_clock_config) refers to at32f403a_407_crm.o(i.crm_sysclk_switch) for crm_sysclk_switch
    at32f403a_407_wk_config.o(i.wk_system_clock_config) refers to at32f403a_407_crm.o(i.crm_sysclk_switch_status_get) for crm_sysclk_switch_status_get
    at32f403a_407_wk_config.o(i.wk_system_clock_config) refers to system_at32f403a_407.o(i.system_core_clock_update) for system_core_clock_update
    at32f403a_407_wk_config.o(i.wk_tmr7_init) refers to at32f403a_407_tmr.o(i.tmr_base_init) for tmr_base_init
    at32f403a_407_wk_config.o(i.wk_tmr7_init) refers to at32f403a_407_tmr.o(i.tmr_cnt_dir_set) for tmr_cnt_dir_set
    at32f403a_407_wk_config.o(i.wk_tmr7_init) refers to at32f403a_407_tmr.o(i.tmr_period_buffer_enable) for tmr_period_buffer_enable
    at32f403a_407_wk_config.o(i.wk_tmr7_init) refers to at32f403a_407_tmr.o(i.tmr_primary_mode_select) for tmr_primary_mode_select
[...]
    startup_at32f403a_407.o(RESET) refers to at32f403a_407_int.o(i.BusFault_Handler) for BusFault_Handler
    startup_at32f403a_407.o(RESET) refers to at32f403a_407_int.o(i.UsageFault_Handler) for UsageFault_Handler
    startup_at32f403a_407.o(RESET) refers to at32f403a_407_int.o(i.SVC_Handler) for SVC_Handler
    startup_at32f403a_407.o(RESET) refers to at32f403a_407_int.o(i.DebugMon_Handler) for DebugMon_Handler
    startup_at32f403a_407.o(RESET) refers to at32f403a_407_int.o(i.PendSV_Handler) for PendSV_Handler
    startup_at32f403a_407.o(.text) refers (Special) to heapauxi.o(.text) for __use_two_region_memory
    startup_at32f403a_407.o(.text) refers to system_at32f403a_407.o(i.SystemInit) for SystemInit
    startup_at32f403a_407.o(.text) refers to __main.o(!!!main) for __main
    startup_at32f403a_407.o(.text) refers to startup_at32f403a_407.o(HEAP) for Heap_Mem
    startup_at32f403a_407.o(.text) refers to startup_at32f403a_407.o(STACK) for Stack_Mem
    system_at32f403a_407.o(i.system_core_clock_update) refers to at32f403a_407_crm.o(i.crm_sysclk_switch_status_get) for crm_sysclk_switch_status_get
    system_at32f403a_407.o(i.system_core_clock_update) refers to system_at32f403a_407.o(.data) for system_core_clock
    system_at32f403a_407.o(i.system_core_clock_update) refers to system_at32f403a_407.o(.constdata) for sys_ahb_div_table
    __main.o(!!!main) refers to __rtentry.o(.ARM.Collect$$rtentry$$00000000) for __rt_entry
    __rtentry.o(.ARM.Collect$$rtentry$$00000000) refers (Special) to __rtentry2.o(.ARM.Collect$$rtentry$$0000000A) for __rt_entry_li
    __rtentry.o(.ARM.Collect$$rtentry$$00000000) refers (Special) to __rtentry2.o(.ARM.Collect$$rtentry$$0000000D) for __rt_entry_main
    __rtentry.o(.ARM.Collect$$rtentry$$00000000) refers (Special) to __rtentry2.o(.ARM.Collect$$rtentry$$0000000C) for __rt_entry_postli_1
    __rtentry.o(.ARM.Collect$$rtentry$$00000000) refers (Special) to __rtentry2.o(.ARM.Collect$$rtentry$$00000009) for __rt_entry_postsh_1
    __rtentry.o(.ARM.Collect$$rtentry$$00000000) refers (Special) to __rtentry2.o(.ARM.Collect$$rtentry$$00000002) for __rt_entry_presh_1
    __rtentry.o(.ARM.Collect$$rtentry$$00000000) refers (Special) to __rtentry4.o(.ARM.Collect$$rtentry$$00000004) for __rt_entry_sh
    __rtentry2.o(.ARM.Collect$$rtentry$$00000008) refers to boardinit2.o(.text) for _platform_post_stackheap_init
    __rtentry2.o(.ARM.Collect$$rtentry$$0000000A) refers to libinit.o(.ARM.Collect$$libinit$$00000000) for __rt_lib_init
    __rtentry2.o(.ARM.Collect$$rtentry$$0000000B) refers to boardinit3.o(.text) for _platform_post_lib_init
    __rtentry2.o(.ARM.Collect$$rtentry$$0000000D) refers to main.o(i.main) for main
    __rtentry2.o(.ARM.Collect$$rtentry$$0000000D) refers to exit.o(.text) for exit
    __rtentry2.o(.ARM.exidx) refers to __rtentry2.o(.ARM.Collect$$rtentry$$00000001) for .ARM.Collect$$rtentry$$00000001
    __rtentry2.o(.ARM.exidx) refers to __rtentry2.o(.ARM.Collect$$rtentry$$00000008) for .ARM.Collect$$rtentry$$00000008
    __rtentry2.o(.ARM.exidx) refers to __rtentry2.o(.ARM.Collect$$rtentry$$0000000A) for .ARM.Collect$$rtentry$$0000000A
    __rtentry2.o(.ARM.exidx) refers to __rtentry2.o(.ARM.Collect$$rtentry$$0000000B) for .ARM.Collect$$rtentry$$0000000B
    __rtentry2.o(.ARM.exidx) refers to __rtentry2.o(.ARM.Collect$$rtentry$$0000000D) for .ARM.Collect$$rtentry$$0000000D
    __rtentry4.o(.ARM.Collect$$rtentry$$00000004) refers to sys_stackheap_outer.o(.text) for __user_setup_stackheap
    __rtentry4.o(.ARM.exidx) refers to __rtentry4.o(.ARM.Collect$$rtentry$$00000004) for .ARM.Collect$$rtentry$$00000004
    sys_stackheap_outer.o(.text) refers to libspace.o(.text) for __user_perproc_libspace
    sys_stackheap_outer.o(.text) refers to startup_at32f403a_407.o(.text) for __user_initial_stackheap
    exit.o(.text) refers to rtexit.o(.ARM.Collect$$rtexit$$00000000) for __rt_exit
    libinit.o(.ARM.Collect$$libinit$$00000000) refers (Special) to libinit2.o(.ARM.Collect$$libinit$$0000002E) for __rt_lib_init_alloca_1
    libinit.o(.ARM.Collect$$libinit$$00000000) refers (Special) to libinit2.o(.ARM.Collect$$libinit$$0000002C) for __rt_lib_init_argv_1
    libinit.o(.ARM.Collect$$libinit$$00000000) refers (Special) to libinit2.o(.ARM.Collect$$libinit$$0000001B) for __rt_lib_init_atexit_1
    libinit.o(.ARM.Collect$$libinit$$00000000) refers (Special) to libinit2.o(.ARM.Collect$$libinit$$00000021) for __rt_lib_init_clock_1
    libinit.o(.ARM.Collect$$libinit$$00000000) refers (Special) to libinit2.o(.ARM.Collect$$libinit$$00000032) for __rt_lib_init_cpp_1
    libinit.o(.ARM.Collect$$libinit$$00000000) refers (Special) to libinit2.o(.ARM.Collect$$libinit$$00000030) for __rt_lib_init_exceptions_1
    libinit.o(.ARM.Collect$$libinit$$00000000) refers (Special) to libinit2.o(.ARM.Collect$$libinit$$00000001) for __rt_lib_init_fp_1
    libinit.o(.ARM.Collect$$libinit$$00000000) refers (Special) to libinit2.o(.ARM.Collect$$libinit$$0000001F) for __rt_lib_init_fp_trap_1
    libinit.o(.ARM.Collect$$libinit$$00000000) refers (Special) to libinit2.o(.ARM.Collect$$libinit$$00000023) for __rt_lib_init_getenv_1
    libinit.o(.ARM.Collect$$libinit$$00000000) refers (Special) to libinit2.o(.ARM.Collect$$libinit$$0000000A) for __rt_lib_init_heap_1
    libinit.o(.ARM.Collect$$libinit$$00000000) refers (Special) to libinit2.o(.ARM.Collect$$libinit$$00000011) for __rt_lib_init_lc_collate_1
    libinit.o(.ARM.Collect$$libinit$$00000000) refers (Special) to libinit2.o(.ARM.Collect$$libinit$$00000013) for __rt_lib_init_lc_ctype_1
    libinit.o(.ARM.Collect$$libinit$$00000000) refers (Special) to libinit2.o(.ARM.Collect$$libinit$$00000015) for __rt_lib_init_lc_monetary_1
    libinit.o(.ARM.Collect$$libinit$$00000000) refers (Special) to libinit2.o(.ARM.Collect$$libinit$$00000017) for __rt_lib_init_lc_numeric_1
    libinit.o(.ARM.Collect$$libinit$$00000000) refers (Special) to libinit2.o(.ARM.Collect$$libinit$$00000019) for __rt_lib_init_lc_time_1
    libinit.o(.ARM.Collect$$libinit$$00000000) refers (Special) to libinit2.o(.ARM.Collect$$libinit$$00000004) for __rt_lib_init_preinit_1
    libinit.o(.ARM.Collect$$libinit$$00000000) refers (Special) to libinit2.o(.ARM.Collect$$libinit$$0000000E) for __rt_lib_init_rand_1
    libinit.o(.ARM.Collect$$libinit$$00000000) refers (Special) to libinit2.o(.ARM.Collect$$libinit$$00000033) for __rt_lib_init_return
    libinit.o(.ARM.Collect$$libinit$$00000000) refers (Special) to libinit2.o(.ARM.Collect$$libinit$$0000001D) for __rt_lib_init_signal_1
    libinit.o(.ARM.Collect$$libinit$$00000000) refers (Special) to libinit2.o(.ARM.Collect$$libinit$$00000025) for __rt_lib_init_stdio_1
    libinit.o(.ARM.Collect$$libinit$$00000000) refers (Special) to libinit2.o(.ARM.Collect$$libinit$$0000000C) for __rt_lib_init_user_alloc_1
    libspace.o(.text) refers to libspace.o(.bss) for __libspace_start
    rtexit.o(.ARM.Collect$$rtexit$$00000000) refers (Special) to rtexit2.o(.ARM.Collect$$rtexit$$00000004) for __rt_exit_exit
    rtexit.o(.ARM.Collect$$rtexit$$00000000) refers (Special) to rtexit2.o(.ARM.Collect$$rtexit$$00000003) for __rt_exit_ls
    rtexit.o(.ARM.Collect$$rtexit$$00000000) refers (Special) to rtexit2.o(.ARM.Collect$$rtexit$$00000002) for __rt_exit_prels_1
    rtexit.o(.ARM.exidx) refers (Special) to rtexit2.o(.ARM.Collect$$rtexit$$00000004) for __rt_exit_exit
    rtexit.o(.ARM.exidx) refers (Special) to rtexit2.o(.ARM.Collect$$rtexit$$00000003) for __rt_exit_ls
    rtexit.o(.ARM.exidx) refers (Special) to rtexit2.o(.ARM.Collect$$rtexit$$00000002) for __rt_exit_prels_1
    rtexit.o(.ARM.exidx) refers to rtexit.o(.ARM.Collect$$rtexit$$00000000) for .ARM.Collect$$rtexit$$00000000
    libinit2.o(.ARM.Collect$$libinit$$00000001) refers to fpinit.o(x$fpl$fpinit) for _fp_init
    libinit2.o(.ARM.Collect$$libinit$$00000010) refers to libinit2.o(.ARM.Collect$$libinit$$0000000F) for .ARM.Collect$$libinit$$0000000F
    libinit2.o(.ARM.Collect$$libinit$$00000012) refers to libinit2.o(.ARM.Collect$$libinit$$0000000F) for .ARM.Collect$$libinit$$0000000F
    libinit2.o(.ARM.Collect$$libinit$$00000014) refers to libinit2.o(.ARM.Collect$$libinit$$0000000F) for .ARM.Collect$$libinit$$0000000F
    libinit2.o(.ARM.Collect$$libinit$$00000016) refers to libinit2.o(.ARM.Collect$$libinit$$0000000F) for .ARM.Collect$$libinit$$0000000F
    libinit2.o(.ARM.Collect$$libinit$$00000018) refers to libinit2.o(.ARM.Collect$$libinit$$0000000F) for .ARM.Collect$$libinit$$0000000F
    libinit2.o(.ARM.Collect$$libinit$$00000026) refers to argv_veneer.o(.emb_text) for __ARM_argv_veneer
    libinit2.o(.ARM.Collect$$libinit$$00000027) refers to argv_veneer.o(.emb_text) for __ARM_argv_veneer
    rtexit2.o(.ARM.Collect$$rtexit$$00000003) refers to libshutdown.o(.ARM.Collect$$libshutdown$$00000000) for __rt_lib_shutdown
    rtexit2.o(.ARM.Collect$$rtexit$$00000004) refers to sys_exit.o(.text) for _sys_exit
    rtexit2.o(.ARM.exidx) refers to rtexit2.o(.ARM.Collect$$rtexit$$00000001) for .ARM.Collect$$rtexit$$00000001
    rtexit2.o(.ARM.exidx) refers to rtexit2.o(.ARM.Collect$$rtexit$$00000003) for .ARM.Collect$$rtexit$$00000003
    rtexit2.o(.ARM.exidx) refers to rtexit2.o(.ARM.Collect$$rtexit$$00000004) for .ARM.Collect$$rtexit$$00000004
    argv_veneer.o(.emb_text) refers to no_argv.o(.text) for __ARM_get_argv
    sys_exit.o(.text) refers (Special) to use_no_semi.o(.text) for __I$use$semihosting
    sys_exit.o(.text) refers (Special) to indicate_semi.o(.text) for __semihosting_library_function
    _get_argv_nomalloc.o(.text) refers (Special) to hrguard.o(.text) for __heap_region$guard
    _get_argv_nomalloc.o(.text) refers to defsig_rtmem_outer.o(.text) for __rt_SIGRTMEM
    _get_argv_nomalloc.o(.text) refers to sys_command.o(.text) for _sys_command_string
    libshutdown.o(.ARM.Collect$$libshutdown$$00000000) refers (Special) to libshutdown2.o(.ARM.Collect$$libshutdown$$00000002) for __rt_lib_shutdown_cpp_1
    libshutdown.o(.ARM.Collect$$libshutdown$$00000000) refers (Special) to libshutdown2.o(.ARM.Collect$$libshutdown$$00000007) for __rt_lib_shutdown_fp_trap_1
    libshutdown.o(.ARM.Collect$$libshutdown$$00000000) refers (Special) to libshutdown2.o(.ARM.Collect$$libshutdown$$0000000F) for __rt_lib_shutdown_heap_1
    libshutdown.o(.ARM.Collect$$libshutdown$$00000000) refers (Special) to libshutdown2.o(.ARM.Collect$$libshutdown$$00000010) for __rt_lib_shutdown_return
    libshutdown.o(.ARM.Collect$$libshutdown$$00000000) refers (Special) to libshutdown2.o(.ARM.Collect$$libshutdown$$0000000A) for __rt_lib_shutdown_signal_1
    libshutdown.o(.ARM.Collect$$libshutdown$$00000000) refers (Special) to libshutdown2.o(.ARM.Collect$$libshutdown$$00000004) for __rt_lib_shutdown_stdio_1
    libshutdown.o(.ARM.Collect$$libshutdown$$00000000) refers (Special) to libshutdown2.o(.ARM.Collect$$libshutdown$$0000000C) for __rt_lib_shutdown_user_alloc_1
    sys_command.o(.text) refers (Special) to use_no_semi.o(.text) for __I$use$semihosting
    sys_command.o(.text) refers (Special) to indicate_semi.o(.text) for __semihosting_library_function
    defsig_rtmem_outer.o(.text) refers to defsig_rtmem_inner.o(.text) for __rt_SIGRTMEM_inner
    defsig_rtmem_outer.o(.text) refers to defsig_exit.o(.text) for __sig_exit
    defsig_rtmem_formal.o(.text) refers to rt_raise.o(.text) for __rt_raise
    rt_raise.o(.text) refers to __raise.o(.text) for __raise
    rt_raise.o(.text) refers to sys_exit.o(.text) for _sys_exit
    defsig_exit.o(.text) refers to sys_exit.o(.text) for _sys_exit
    defsig_rtmem_inner.o(.text) refers to defsig_general.o(.text) for __default_signal_display
    __raise.o(.text) refers to defsig.o(CL$$defsig) for __default_signal_handler
    defsig_general.o(.text) refers to sys_wrch.o(.text) for _ttywrch
    sys_wrch.o(.text) refers (Special) to use_no_semi.o(.text) for __I$use$semihosting
    sys_wrch.o(.text) refers (Special) to indicate_semi.o(.text) for __semihosting_library_function
    defsig.o(CL$$defsig) refers to defsig_rtmem_inner.o(.text) for __rt_SIGRTMEM_inner
    defsig_abrt_inner.o(.text) refers to defsig_general.o(.text) for __default_signal_display
    defsig_fpe_inner.o(.text) refers to defsig_general.o(.text) for __default_signal_display
    defsig_rtred_inner.o(.text) refers to defsig_general.o(.text) for __default_signal_display
    defsig_stak_inner.o(.text) refers to defsig_general.o(.text) for __default_signal_display
    defsig_pvfn_inner.o(.text) refers to defsig_general.o(.text) for __default_signal_display
    defsig_cppl_inner.o(.text) refers to defsig_general.o(.text) for __default_signal_display
    defsig_segv_inner.o(.text) refers to defsig_general.o(.text) for __default_signal_display
    defsig_other.o(.text) refers to defsig_general.o(.text) for __default_signal_display


==============================================================================

Removing Unused input sections from the image.

    Removing main.o(.rev16_text), (4 bytes).
    Removing main.o(.revsh_text), (4 bytes).
    Removing main.o(.rrx_text), (6 bytes).
    Removing at32f403a_407_wk_config.o(.rev16_text), (4 bytes).
    Removing at32f403a_407_wk_config.o(.revsh_text), (4 bytes).
    Removing at32f403a_407_wk_config.o(.rrx_text), (6 bytes).
    Removing at32f403a_407_int.o(.rev16_text), (4 bytes).
    Removing at32f403a_407_int.o(.revsh_text), (4 bytes).
    Removing at32f403a_407_int.o(.rrx_text), (6 bytes).
    Removing lcd.o(.rev16_text), (4 bytes).
    Removing lcd.o(.revsh_text), (4 bytes).
    Removing lcd.o(.rrx_text), (6 bytes).
    Removing at32f403a_407_crm.o(.rev16_text), (4 bytes).
    Removing at32f403a_407_crm.o(.revsh_text), (4 bytes).
    Removing at32f403a_407_crm.o(.rrx_text), (6 bytes).
    Removing at32f403a_407_crm.o(i.crm_adc_clock_div_set), (32 bytes).
    Removing at32f403a_407_crm.o(i.crm_battery_powered_domain_reset), (20 bytes).
    Removing at32f403a_407_crm.o(i.crm_clkout_div_set), (20 bytes).
    Removing at32f403a_407_crm.o(i.crm_clkout_to_tmr10_enable), (20 bytes).
    Removing at32f403a_407_crm.o(i.crm_clock_failure_detection_enable), (20 bytes).
    Removing at32f403a_407_crm.o(i.crm_clock_out_set), (32 bytes).
    Removing at32f403a_407_crm.o(i.crm_clocks_freq_get), (300 bytes).
    Removing at32f403a_407_crm.o(i.crm_emac_output_pulse_set), (20 bytes).
    Removing at32f403a_407_crm.o(i.crm_flag_clear), (212 bytes).
    Removing at32f403a_407_crm.o(i.crm_hext_bypass), (20 bytes).
    Removing at32f403a_407_crm.o(i.crm_hext_clock_div_set), (20 bytes).
    Removing at32f403a_407_crm.o(i.crm_hick_clock_calibration_set), (40 bytes).
    Removing at32f403a_407_crm.o(i.crm_hick_clock_trimming_set), (20 bytes).
    Removing at32f403a_407_crm.o(i.crm_hick_divider_select), (20 bytes).
    Removing at32f403a_407_crm.o(i.crm_hick_sclk_frequency_select), (28 bytes).
    Removing at32f403a_407_crm.o(i.crm_interrupt_enable), (32 bytes).
    Removing at32f403a_407_crm.o(i.crm_interrupt_flag_get), (176 bytes).
    Removing at32f403a_407_crm.o(i.crm_lext_bypass), (20 bytes).
    Removing at32f403a_407_crm.o(i.crm_periph_reset), (68 bytes).
    Removing at32f403a_407_crm.o(i.crm_periph_sleep_mode_clock_enable), (68 bytes).
    Removing at32f403a_407_crm.o(i.crm_rtc_clock_enable), (20 bytes).
    Removing at32f403a_407_crm.o(i.crm_rtc_clock_select), (20 bytes).
    Removing at32f403a_407_crm.o(i.crm_usb_clock_div_set), (32 bytes).
    Removing at32f403a_407_crm.o(i.crm_usb_clock_source_select), (32 bytes).
    Removing at32f403a_407_crm.o(i.crm_usb_interrupt_remapping_set), (20 bytes).
    Removing at32f403a_407_crm.o(.constdata), (40 bytes).
    Removing at32f403a_407_debug.o(.rev16_text), (4 bytes).
    Removing at32f403a_407_debug.o(.revsh_text), (4 bytes).
    Removing at32f403a_407_debug.o(.rrx_text), (6 bytes).
    Removing at32f403a_407_debug.o(i.debug_device_id_get), (12 bytes).
    Removing at32f403a_407_debug.o(i.debug_periph_mode_set), (32 bytes).
    Removing at32f403a_407_flash.o(.rev16_text), (4 bytes).
    Removing at32f403a_407_flash.o(.revsh_text), (4 bytes).
    Removing at32f403a_407_flash.o(.rrx_text), (6 bytes).
    Removing at32f403a_407_flash.o(i.flash_bank1_erase), (60 bytes).
    Removing at32f403a_407_flash.o(i.flash_bank1_lock), (20 bytes).
    Removing at32f403a_407_flash.o(i.flash_bank1_operation_status_get), (52 bytes).
    Removing at32f403a_407_flash.o(i.flash_bank1_operation_wait_for), (36 bytes).
    Removing at32f403a_407_flash.o(i.flash_bank1_unlock), (24 bytes).
    Removing at32f403a_407_flash.o(i.flash_bank2_erase), (60 bytes).
    Removing at32f403a_407_flash.o(i.flash_bank2_lock), (20 bytes).
    Removing at32f403a_407_flash.o(i.flash_bank2_operation_status_get), (52 bytes).
    Removing at32f403a_407_flash.o(i.flash_bank2_operation_wait_for), (36 bytes).
    Removing at32f403a_407_flash.o(i.flash_bank2_unlock), (24 bytes).
    Removing at32f403a_407_flash.o(i.flash_byte_program), (124 bytes).
    Removing at32f403a_407_flash.o(i.flash_crc_calibrate), (72 bytes).
    Removing at32f403a_407_flash.o(i.flash_epp_set), (220 bytes).
    Removing at32f403a_407_flash.o(i.flash_epp_status_get), (12 bytes).
    Removing at32f403a_407_flash.o(i.flash_fap_enable), (140 bytes).
    Removing at32f403a_407_flash.o(i.flash_fap_status_get), (16 bytes).
    Removing at32f403a_407_flash.o(i.flash_flag_clear), (56 bytes).
    Removing at32f403a_407_flash.o(i.flash_flag_get), (96 bytes).
    Removing at32f403a_407_flash.o(i.flash_halfword_program), (184 bytes).
    Removing at32f403a_407_flash.o(i.flash_internal_all_erase), (108 bytes).
    Removing at32f403a_407_flash.o(i.flash_interrupt_enable), (124 bytes).
    Removing at32f403a_407_flash.o(i.flash_lock), (32 bytes).
    Removing at32f403a_407_flash.o(i.flash_operation_status_get), (52 bytes).
    Removing at32f403a_407_flash.o(i.flash_operation_wait_for), (36 bytes).
    Removing at32f403a_407_flash.o(i.flash_sector_erase), (224 bytes).
    Removing at32f403a_407_flash.o(i.flash_slib_datastart_sector_get), (16 bytes).
    Removing at32f403a_407_flash.o(i.flash_slib_disable), (52 bytes).
    Removing at32f403a_407_flash.o(i.flash_slib_enable), (148 bytes).
    Removing at32f403a_407_flash.o(i.flash_slib_end_sector_get), (12 bytes).
    Removing at32f403a_407_flash.o(i.flash_slib_remaining_count_get), (16 bytes).
    Removing at32f403a_407_flash.o(i.flash_slib_start_sector_get), (16 bytes).
    Removing at32f403a_407_flash.o(i.flash_slib_state_get), (24 bytes).
    Removing at32f403a_407_flash.o(i.flash_spim_all_erase), (76 bytes).
    Removing at32f403a_407_flash.o(i.flash_spim_dummy_read), (24 bytes).
    Removing at32f403a_407_flash.o(i.flash_spim_encryption_range_set), (12 bytes).
    Removing at32f403a_407_flash.o(i.flash_spim_lock), (24 bytes).
    Removing at32f403a_407_flash.o(i.flash_spim_mass_program), (144 bytes).
    Removing at32f403a_407_flash.o(i.flash_spim_model_select), (20 bytes).
    Removing at32f403a_407_flash.o(i.flash_spim_operation_status_get), (52 bytes).
    Removing at32f403a_407_flash.o(i.flash_spim_operation_wait_for), (36 bytes).
    Removing at32f403a_407_flash.o(i.flash_spim_unlock), (32 bytes).
    Removing at32f403a_407_flash.o(i.flash_ssb_set), (92 bytes).
    Removing at32f403a_407_flash.o(i.flash_ssb_status_get), (16 bytes).
    Removing at32f403a_407_flash.o(i.flash_unlock), (32 bytes).
    Removing at32f403a_407_flash.o(i.flash_user_system_data_erase), (152 bytes).
    Removing at32f403a_407_flash.o(i.flash_user_system_data_program), (104 bytes).
    Removing at32f403a_407_flash.o(i.flash_word_program), (184 bytes).
    Removing at32f403a_407_flash.o(.constdata), (8 bytes).
    Removing at32f403a_407_gpio.o(.rev16_text), (4 bytes).
    Removing at32f403a_407_gpio.o(.revsh_text), (4 bytes).
    Removing at32f403a_407_gpio.o(.rrx_text), (6 bytes).
    Removing at32f403a_407_gpio.o(i.gpio_bits_write), (10 bytes).
    Removing at32f403a_407_gpio.o(i.gpio_event_output_config), (28 bytes).
    Removing at32f403a_407_gpio.o(i.gpio_event_output_enable), (20 bytes).
    Removing at32f403a_407_gpio.o(i.gpio_exint_line_config), (164 bytes).
    Removing at32f403a_407_gpio.o(i.gpio_input_data_bit_read), (18 bytes).
    Removing at32f403a_407_gpio.o(i.gpio_input_data_read), (8 bytes).
    Removing at32f403a_407_gpio.o(i.gpio_iomux_reset), (24 bytes).
    Removing at32f403a_407_gpio.o(i.gpio_output_data_bit_read), (18 bytes).
    Removing at32f403a_407_gpio.o(i.gpio_output_data_read), (8 bytes).
    Removing at32f403a_407_gpio.o(i.gpio_pin_wp_config), (18 bytes).
    Removing at32f403a_407_gpio.o(i.gpio_pins_huge_driven_config), (18 bytes).
    Removing at32f403a_407_gpio.o(i.gpio_port_write), (4 bytes).
    Removing at32f403a_407_gpio.o(i.gpio_reset), (164 bytes).
    Removing at32f403a_407_misc.o(.rev16_text), (4 bytes).
    Removing at32f403a_407_misc.o(.revsh_text), (4 bytes).
    Removing at32f403a_407_misc.o(.rrx_text), (6 bytes).
    Removing at32f403a_407_misc.o(i.nvic_irq_disable), (44 bytes).
    Removing at32f403a_407_misc.o(i.nvic_irq_enable), (200 bytes).
    Removing at32f403a_407_misc.o(i.nvic_lowpower_mode_config), (32 bytes).
    Removing at32f403a_407_misc.o(i.nvic_system_reset), (44 bytes).
    Removing at32f403a_407_misc.o(i.nvic_vector_table_set), (20 bytes).
    Removing at32f403a_407_misc.o(i.systick_clock_source_config), (40 bytes).
    Removing at32f403a_407_pwc.o(.rev16_text), (4 bytes).
    Removing at32f403a_407_pwc.o(.revsh_text), (4 bytes).
    Removing at32f403a_407_pwc.o(.rrx_text), (6 bytes).
    Removing at32f403a_407_pwc.o(i.pwc_battery_powered_domain_access), (20 bytes).
    Removing at32f403a_407_pwc.o(i.pwc_deep_sleep_mode_enter), (48 bytes).
    Removing at32f403a_407_pwc.o(i.pwc_flag_clear), (48 bytes).
    Removing at32f403a_407_pwc.o(i.pwc_flag_get), (24 bytes).
    Removing at32f403a_407_pwc.o(i.pwc_power_voltage_monitor_enable), (20 bytes).
    Removing at32f403a_407_pwc.o(i.pwc_pvm_level_select), (20 bytes).
    Removing at32f403a_407_pwc.o(i.pwc_reset), (24 bytes).
    Removing at32f403a_407_pwc.o(i.pwc_sleep_mode_enter), (36 bytes).
    Removing at32f403a_407_pwc.o(i.pwc_standby_mode_enter), (56 bytes).
    Removing at32f403a_407_pwc.o(i.pwc_voltage_regulate_set), (20 bytes).
    Removing at32f403a_407_pwc.o(i.pwc_wakeup_pin_enable), (32 bytes).
    Removing at32f403a_407_tmr.o(.rev16_text), (4 bytes).
    Removing at32f403a_407_tmr.o(.revsh_text), (4 bytes).
    Removing at32f403a_407_tmr.o(.rrx_text), (6 bytes).
    Removing at32f403a_407_tmr.o(i.tmr_32_bit_function_enable), (28 bytes).
    Removing at32f403a_407_tmr.o(i.tmr_brkdt_config), (72 bytes).
    Removing at32f403a_407_tmr.o(i.tmr_brkdt_default_para_init), (18 bytes).
    Removing at32f403a_407_tmr.o(i.tmr_channel1_input_select), (10 bytes).
    Removing at32f403a_407_tmr.o(i.tmr_channel_buffer_enable), (10 bytes).
    Removing at32f403a_407_tmr.o(i.tmr_channel_dma_select), (10 bytes).
    Removing at32f403a_407_tmr.o(i.tmr_channel_enable), (96 bytes).
    Removing at32f403a_407_tmr.o(i.tmr_channel_value_get), (46 bytes).
    Removing at32f403a_407_tmr.o(i.tmr_channel_value_set), (40 bytes).
    Removing at32f403a_407_tmr.o(i.tmr_clock_source_div_set), (10 bytes).
    Removing at32f403a_407_tmr.o(i.tmr_div_value_get), (6 bytes).
    Removing at32f403a_407_tmr.o(i.tmr_div_value_set), (4 bytes).
    Removing at32f403a_407_tmr.o(i.tmr_dma_control_config), (18 bytes).
    Removing at32f403a_407_tmr.o(i.tmr_dma_request_enable), (22 bytes).
    Removing at32f403a_407_tmr.o(i.tmr_encoder_mode_config), (70 bytes).
    Removing at32f403a_407_tmr.o(i.tmr_event_sw_trigger), (8 bytes).
    Removing at32f403a_407_tmr.o(i.tmr_external_clock_config), (28 bytes).
    Removing at32f403a_407_tmr.o(i.tmr_external_clock_mode1_config), (44 bytes).
    Removing at32f403a_407_tmr.o(i.tmr_external_clock_mode2_config), (36 bytes).
    Removing at32f403a_407_tmr.o(i.tmr_flag_clear), (6 bytes).
    Removing at32f403a_407_tmr.o(i.tmr_flag_get), (18 bytes).
    Removing at32f403a_407_tmr.o(i.tmr_force_output_set), (66 bytes).
    Removing at32f403a_407_tmr.o(i.tmr_hall_select), (10 bytes).
    Removing at32f403a_407_tmr.o(i.tmr_input_channel_divider_set), (66 bytes).
    Removing at32f403a_407_tmr.o(i.tmr_input_channel_filter_set), (66 bytes).
    Removing at32f403a_407_tmr.o(i.tmr_input_channel_init), (304 bytes).
    Removing at32f403a_407_tmr.o(i.tmr_input_default_para_init), (16 bytes).
    Removing at32f403a_407_tmr.o(i.tmr_internal_clock_set), (10 bytes).
    Removing at32f403a_407_tmr.o(i.tmr_interrupt_enable), (22 bytes).
    Removing at32f403a_407_tmr.o(i.tmr_interrupt_flag_get), (24 bytes).
    Removing at32f403a_407_tmr.o(i.tmr_one_cycle_mode_enable), (10 bytes).
    Removing at32f403a_407_tmr.o(i.tmr_output_channel_buffer_enable), (66 bytes).
    Removing at32f403a_407_tmr.o(i.tmr_output_channel_config), (416 bytes).
    Removing at32f403a_407_tmr.o(i.tmr_output_channel_immediately_set), (66 bytes).
    Removing at32f403a_407_tmr.o(i.tmr_output_channel_mode_select), (66 bytes).
    Removing at32f403a_407_tmr.o(i.tmr_output_channel_polarity_set), (96 bytes).
    Removing at32f403a_407_tmr.o(i.tmr_output_channel_switch_set), (66 bytes).
    Removing at32f403a_407_tmr.o(i.tmr_output_default_para_init), (18 bytes).
    Removing at32f403a_407_tmr.o(i.tmr_output_enable), (10 bytes).
    Removing at32f403a_407_tmr.o(i.tmr_overflow_request_source_set), (10 bytes).
    Removing at32f403a_407_tmr.o(i.tmr_period_value_get), (6 bytes).
    Removing at32f403a_407_tmr.o(i.tmr_period_value_set), (4 bytes).
    Removing at32f403a_407_tmr.o(i.tmr_pwm_input_config), (350 bytes).
    Removing at32f403a_407_tmr.o(i.tmr_repetition_counter_set), (10 bytes).
    Removing at32f403a_407_tmr.o(i.tmr_reset), (416 bytes).
    Removing at32f403a_407_tmr.o(i.tmr_sub_mode_select), (10 bytes).
    Removing at32f403a_407_tmr.o(i.tmr_sub_sync_mode_set), (10 bytes).
    Removing at32f403a_407_tmr.o(i.tmr_trigger_input_select), (10 bytes).
    Removing system_at32f403a_407.o(.rev16_text), (4 bytes).
    Removing system_at32f403a_407.o(.revsh_text), (4 bytes).
    Removing system_at32f403a_407.o(.rrx_text), (6 bytes).

190 unused section(s) (total 8790 bytes) removed from the image.

==============================================================================

Image Symbol Table

    Local Symbols

    Symbol Name                              Value     Ov Type        Size  Object(Section)

    ../clib/angel/boardlib.s                 0x00000000   Number         0  boardinit3.o ABSOLUTE
    ../clib/angel/boardlib.s                 0x00000000   Number         0  boardinit2.o ABSOLUTE
    ../clib/angel/boardlib.s                 0x00000000   Number         0  boardinit1.o ABSOLUTE
    ../clib/angel/boardlib.s                 0x00000000   Number         0  boardshut.o ABSOLUTE
    ../clib/angel/handlers.s                 0x00000000   Number         0  __scatter_zi.o ABSOLUTE
    ../clib/angel/handlers.s                 0x00000000   Number         0  __scatter_copy.o ABSOLUTE
    ../clib/angel/kernel.s                   0x00000000   Number         0  rtexit.o ABSOLUTE
    ../clib/angel/kernel.s                   0x00000000   Number         0  __rtentry.o ABSOLUTE
    ../clib/angel/kernel.s                   0x00000000   Number         0  __rtentry4.o ABSOLUTE
    ../clib/angel/kernel.s                   0x00000000   Number         0  __rtentry2.o ABSOLUTE
    ../clib/angel/kernel.s                   0x00000000   Number         0  rtexit2.o ABSOLUTE
    ../clib/angel/rt.s                       0x00000000   Number         0  rt_raise.o ABSOLUTE
    ../clib/angel/scatter.s                  0x00000000   Number         0  __scatter.o ABSOLUTE
    ../clib/angel/startup.s                  0x00000000   Number         0  __main.o ABSOLUTE
    ../clib/angel/sys.s                      0x00000000   Number         0  use_no_semi.o ABSOLUTE
    ../clib/angel/sys.s                      0x00000000   Number         0  sys_stackheap_outer.o ABSOLUTE
    ../clib/angel/sys.s                      0x00000000   Number         0  indicate_semi.o ABSOLUTE
    ../clib/angel/sys.s                      0x00000000   Number         0  libspace.o ABSOLUTE
    ../clib/angel/sysapp.c                   0x00000000   Number         0  sys_command.o ABSOLUTE
    ../clib/angel/sysapp.c                   0x00000000   Number         0  sys_exit.o ABSOLUTE
    ../clib/angel/sysapp.c                   0x00000000   Number         0  sys_wrch.o ABSOLUTE
    ../clib/armsys.c                         0x00000000   Number         0  argv_veneer.o ABSOLUTE
    ../clib/armsys.c                         0x00000000   Number         0  argv_veneer.o ABSOLUTE
    ../clib/armsys.c                         0x00000000   Number         0  _get_argv_nomalloc.o ABSOLUTE
    ../clib/armsys.c                         0x00000000   Number         0  no_argv.o ABSOLUTE
    ../clib/heapalloc.c                      0x00000000   Number         0  hrguard.o ABSOLUTE
    ../clib/heapaux.c                        0x00000000   Number         0  heapauxi.o ABSOLUTE
    ../clib/libinit.s                        0x00000000   Number         0  libshutdown2.o ABSOLUTE
    ../clib/libinit.s                        0x00000000   Number         0  libinit.o ABSOLUTE
    ../clib/libinit.s                        0x00000000   Number         0  libshutdown.o ABSOLUTE
    ../clib/libinit.s                        0x00000000   Number         0  libinit2.o ABSOLUTE
    ../clib/signal.c                         0x00000000   Number         0  defsig_rtmem_inner.o ABSOLUTE
    ../clib/signal.c                         0x00000000   Number         0  defsig_other.o ABSOLUTE
    ../clib/signal.c                         0x00000000   Number         0  defsig_segv_inner.o ABSOLUTE
    ../clib/signal.c                         0x00000000   Number         0  defsig_rtmem_formal.o ABSOLUTE
    ../clib/signal.c                         0x00000000   Number         0  defsig_rtmem_outer.o ABSOLUTE
    ../clib/signal.c                         0x00000000   Number         0  defsig_cppl_inner.o ABSOLUTE
    ../clib/signal.c                         0x00000000   Number         0  defsig_pvfn_inner.o ABSOLUTE
    ../clib/signal.c                         0x00000000   Number         0  defsig_abrt_inner.o ABSOLUTE
    ../clib/signal.c                         0x00000000   Number         0  defsig_stak_inner.o ABSOLUTE
    ../clib/signal.c                         0x00000000   Number         0  defsig_exit.o ABSOLUTE
    ../clib/signal.c                         0x00000000   Number         0  defsig_general.o ABSOLUTE
    ../clib/signal.c                         0x00000000   Number         0  __raise.o ABSOLUTE
    ../clib/signal.c                         0x00000000   Number         0  defsig_fpe_inner.o ABSOLUTE
    ../clib/signal.c                         0x00000000   Number         0  defsig_rtred_inner.o ABSOLUTE
    ../clib/signal.s                         0x00000000   Number         0  defsig.o ABSOLUTE
    ../clib/stdlib.c                         0x00000000   Number         0  exit.o ABSOLUTE
    ../fplib/fpinit.s                        0x00000000   Number         0  fpinit.o ABSOLUTE
    ..\..\libraries\cmsis\cm4\device_support\system_at32f403a_407.c 0x00000000   Number         0  system_at32f403a_407.o ABSOLUTE
    ..\..\libraries\drivers\src\at32f403a_407_crm.c 0x00000000   Number         0  at32f403a_407_crm.o ABSOLUTE
    ..\..\libraries\drivers\src\at32f403a_407_debug.c 0x00000000   Number         0  at32f403a_407_debug.o ABSOLUTE
    ..\..\libraries\drivers\src\at32f403a_407_flash.c 0x00000000   Number         0  at32f403a_407_flash.o ABSOLUTE
    ..\..\libraries\drivers\src\at32f403a_407_gpio.c 0x00000000   Number         0  at32f403a_407_gpio.o ABSOLUTE
    ..\..\libraries\drivers\src\at32f403a_407_misc.c 0x00000000   Number         0  at32f403a_407_misc.o ABSOLUTE
    ..\..\libraries\drivers\src\at32f403a_407_pwc.c 0x00000000   Number         0  at32f403a_407_pwc.o ABSOLUTE
    ..\..\libraries\drivers\src\at32f403a_407_tmr.c 0x00000000   Number         0  at32f403a_407_tmr.o ABSOLUTE
    ..\\..\\libraries\\cmsis\\cm4\\device_support\\system_at32f403a_407.c 0x00000000   Number         0  system_at32f403a_407.o ABSOLUTE
    ..\\..\\libraries\\drivers\\src\\at32f403a_407_crm.c 0x00000000   Number         0  at32f403a_407_crm.o ABSOLUTE
    ..\\..\\libraries\\drivers\\src\\at32f403a_407_debug.c 0x00000000   Number         0  at32f403a_407_debug.o ABSOLUTE
    ..\\..\\libraries\\drivers\\src\\at32f403a_407_flash.c 0x00000000   Number         0  at32f403a_407_flash.o ABSOLUTE
    ..\\..\\libraries\\drivers\\src\\at32f403a_407_gpio.c 0x00000000   Number         0  at32f403a_407_gpio.o ABSOLUTE
    ..\\..\\libraries\\drivers\\src\\at32f403a_407_misc.c 0x00000000   Number         0  at32f403a_407_misc.o ABSOLUTE
    ..\\..\\libraries\\drivers\\src\\at32f403a_407_pwc.c 0x00000000   Number         0  at32f403a_407_pwc.o ABSOLUTE
    ..\\..\\libraries\\drivers\\src\\at32f403a_407_tmr.c 0x00000000   Number         0  at32f403a_407_tmr.o ABSOLUTE
    ..\\src\\at32f403a_407_int.c             0x00000000   Number         0  at32f403a_407_int.o ABSOLUTE
    ..\\src\\at32f403a_407_wk_config.c       0x00000000   Number         0  at32f403a_407_wk_config.o ABSOLUTE
    ..\\src\\lcd.c                           0x00000000   Number         0  lcd.o ABSOLUTE
    ..\\src\\main.c                          0x00000000   Number         0  main.o ABSOLUTE
    ..\src\Keyboard.c                        0x00000000   Number         0  keyboard.o ABSOLUTE
    ..\src\at32f403a_407_int.c               0x00000000   Number         0  at32f403a_407_int.o ABSOLUTE
    ..\src\at32f403a_407_wk_config.c         0x00000000   Number         0  at32f403a_407_wk_config.o ABSOLUTE
    ..\src\lcd.c                             0x00000000   Number         0  lcd.o ABSOLUTE
    ..\src\main.c                            0x00000000   Number         0  main.o ABSOLUTE
    dc.s                                     0x00000000   Number         0  dc.o ABSOLUTE
    startup_at32f403a_407.s                  0x00000000   Number         0  startup_at32f403a_407.o ABSOLUTE
    RESET                                    0x08000000   Section      388  startup_at32f403a_407.o(RESET)
    !!!main                                  0x08000184   Section        8  __main.o(!!!main)
    !!!scatter                               0x0800018c   Section       52  __scatter.o(!!!scatter)
    !!handler_copy                           0x080001c0   Section       26  __scatter_copy.o(!!handler_copy)
    !!handler_zi                             0x080001dc   Section       28  __scatter_zi.o(!!handler_zi)
    .ARM.Collect$$libinit$$00000000          0x080001f8   Section        2  libinit.o(.ARM.Collect$$libinit$$00000000)
    .ARM.Collect$$libinit$$00000001          0x080001fa   Section        4  libinit2.o(.ARM.Collect$$libinit$$00000001)
    .ARM.Collect$$libinit$$00000004          0x080001fe   Section        0  libinit2.o(.ARM.Collect$$libinit$$00000004)
    .ARM.Collect$$libinit$$0000000A          0x080001fe   Section        0  libinit2.o(.ARM.Collect$$libinit$$0000000A)
    .ARM.Collect$$libinit$$0000000C          0x080001fe   Section        0  libinit2.o(.ARM.Collect$$libinit$$0000000C)
    .ARM.Collect$$libinit$$0000000E          0x080001fe   Section        0  libinit2.o(.ARM.Collect$$libinit$$0000000E)
    .ARM.Collect$$libinit$$00000011          0x080001fe   Section        0  libinit2.o(.ARM.Collect$$libinit$$00000011)
    .ARM.Collect$$libinit$$00000013          0x080001fe   Section        0  libinit2.o(.ARM.Collect$$libinit$$00000013)
    .ARM.Collect$$libinit$$00000015          0x080001fe   Section        0  libinit2.o(.ARM.Collect$$libinit$$00000015)
    .ARM.Collect$$libinit$$00000017          0x080001fe   Section        0  libinit2.o(.ARM.Collect$$libinit$$00000017)
    .ARM.Collect$$libinit$$00000019          0x080001fe   Section        0  libinit2.o(.ARM.Collect$$libinit$$00000019)
    .ARM.Collect$$libinit$$0000001B          0x080001fe   Section        0  libinit2.o(.ARM.Collect$$libinit$$0000001B)
    .ARM.Collect$$libinit$$0000001D          0x080001fe   Section        0  libinit2.o(.ARM.Collect$$libinit$$0000001D)
    .ARM.Collect$$libinit$$0000001F          0x080001fe   Section        0  libinit2.o(.ARM.Collect$$libinit$$0000001F)
    .ARM.Collect$$libinit$$00000021          0x080001fe   Section        0  libinit2.o(.ARM.Collect$$libinit$$00000021)
    .ARM.Collect$$libinit$$00000023          0x080001fe   Section        0  libinit2.o(.ARM.Collect$$libinit$$00000023)
    .ARM.Collect$$libinit$$00000025          0x080001fe   Section        0  libinit2.o(.ARM.Collect$$libinit$$00000025)
    .ARM.Collect$$libinit$$0000002C          0x080001fe   Section        0  libinit2.o(.ARM.Collect$$libinit$$0000002C)
    .ARM.Collect$$libinit$$0000002E          0x080001fe   Section        0  libinit2.o(.ARM.Collect$$libinit$$0000002E)
    .ARM.Collect$$libinit$$00000030          0x080001fe   Section        0  libinit2.o(.ARM.Collect$$libinit$$00000030)
    .ARM.Collect$$libinit$$00000032          0x080001fe   Section        0  libinit2.o(.ARM.Collect$$libinit$$00000032)
    .ARM.Collect$$libinit$$00000033          0x080001fe   Section        2  libinit2.o(.ARM.Collect$$libinit$$00000033)
    .ARM.Collect$$libshutdown$$00000000      0x08000200   Section        2  libshutdown.o(.ARM.Collect$$libshutdown$$00000000)
    .ARM.Collect$$libshutdown$$00000002      0x08000202   Section        0  libshutdown2.o(.ARM.Collect$$libshutdown$$00000002)
    .ARM.Collect$$libshutdown$$00000004      0x08000202   Section        0  libshutdown2.o(.ARM.Collect$$libshutdown$$00000004)
    .ARM.Collect$$libshutdown$$00000007      0x08000202   Section        0  libshutdown2.o(.ARM.Collect$$libshutdown$$00000007)
    .ARM.Collect$$libshutdown$$0000000A      0x08000202   Section        0  libshutdown2.o(.ARM.Collect$$libshutdown$$0000000A)
    .ARM.Collect$$libshutdown$$0000000C      0x08000202   Section        0  libshutdown2.o(.ARM.Collect$$libshutdown$$0000000C)
    .ARM.Collect$$libshutdown$$0000000F      0x08000202   Section        0  libshutdown2.o(.ARM.Collect$$libshutdown$$0000000F)
    .ARM.Collect$$libshutdown$$00000010      0x08000202   Section        2  libshutdown2.o(.ARM.Collect$$libshutdown$$00000010)
    .ARM.Collect$$rtentry$$00000000          0x08000204   Section        0  __rtentry.o(.ARM.Collect$$rtentry$$00000000)
    .ARM.Collect$$rtentry$$00000002          0x08000204   Section        0  __rtentry2.o(.ARM.Collect$$rtentry$$00000002)
    .ARM.Collect$$rtentry$$00000004          0x08000204   Section        6  __rtentry4.o(.ARM.Collect$$rtentry$$00000004)
    .ARM.Collect$$rtentry$$00000009          0x0800020a   Section        0  __rtentry2.o(.ARM.Collect$$rtentry$$00000009)
    .ARM.Collect$$rtentry$$0000000A          0x0800020a   Section        4  __rtentry2.o(.ARM.Collect$$rtentry$$0000000A)
    .ARM.Collect$$rtentry$$0000000C          0x0800020e   Section        0  __rtentry2.o(.ARM.Collect$$rtentry$$0000000C)
    .ARM.Collect$$rtentry$$0000000D          0x0800020e   Section        8  __rtentry2.o(.ARM.Collect$$rtentry$$0000000D)
    .ARM.Collect$$rtexit$$00000000           0x08000216   Section        2  rtexit.o(.ARM.Collect$$rtexit$$00000000)
    .ARM.Collect$$rtexit$$00000002           0x08000218   Section        0  rtexit2.o(.ARM.Collect$$rtexit$$00000002)
    .ARM.Collect$$rtexit$$00000003           0x08000218   Section        4  rtexit2.o(.ARM.Collect$$rtexit$$00000003)
    .ARM.Collect$$rtexit$$00000004           0x0800021c   Section        6  rtexit2.o(.ARM.Collect$$rtexit$$00000004)
    .text                                    0x08000224   Section       64  startup_at32f403a_407.o(.text)
    $v0                                      0x08000224   Number         0  startup_at32f403a_407.o(.text)
    .text                                    0x08000264   Section        0  heapauxi.o(.text)
    .text                                    0x0800026a   Section       74  sys_stackheap_outer.o(.text)
    .text                                    0x080002b4   Section        0  exit.o(.text)
    .text                                    0x080002c8   Section        8  libspace.o(.text)
    .text                                    0x080002d0   Section        0  sys_exit.o(.text)
    .text                                    0x080002dc   Section        2  use_no_semi.o(.text)
    .text                                    0x080002de   Section        0  indicate_semi.o(.text)
    i.AnyKey                                 0x080002e0   Section        0  main.o(i.AnyKey)
    i.BusFault_Handler                       0x080002fc   Section        0  at32f403a_407_int.o(i.BusFault_Handler)
    i.ClearKey                               0x08000300   Section        0  main.o(i.ClearKey)
    i.DebugMon_Handler                       0x0800030c   Section        0  at32f403a_407_int.o(i.DebugMon_Handler)
    i.Delay                                  0x08000310   Section        0  lcd.o(i.Delay)
    i.FindKey                                0x08000330   Section        0  main.o(i.FindKey)
    i.GetKey                                 0x0800037c   Section        0  main.o(i.GetKey)
    i.HardFault_Handler                      0x0800039c   Section        0  at32f403a_407_int.o(i.HardFault_Handler)
    i.InitKeyboard                           0x080003a0   Section        0  main.o(i.InitKeyboard)
    i.LCD_Clear                              0x080003e0   Section        0  lcd.o(i.LCD_Clear)
    i.LCD_Command                            0x080003f0   Section        0  lcd.o(i.LCD_Command)
    i.LCD_Data                               0x0800043c   Section        0  lcd.o(i.LCD_Data)
    i.LCD_Init                               0x08000488   Section        0  lcd.o(i.LCD_Init)
    i.LCD_SendChar                           0x08000540   Section        0  lcd.o(i.LCD_SendChar)
    i.LCD_SetPos                             0x08000552   Section        0  lcd.o(i.LCD_SetPos)
    i.LCD_String                             0x0800058a   Section        0  lcd.o(i.LCD_String)
    i.LCD_WriteData                          0x080005a8   Section        0  lcd.o(i.LCD_WriteData)
    i.MemManage_Handler                      0x08000618   Section        0  at32f403a_407_int.o(i.MemManage_Handler)
    i.NMI_Handler                            0x0800061c   Section        0  at32f403a_407_int.o(i.NMI_Handler)
    i.PendSV_Handler                         0x0800061e   Section        0  at32f403a_407_int.o(i.PendSV_Handler)
    i.SVC_Handler                            0x08000620   Section        0  at32f403a_407_int.o(i.SVC_Handler)
    i.SameKey                                0x08000624   Section        0  main.o(i.SameKey)
    i.ScanKey                                0x08000654   Section        0  main.o(i.ScanKey)
    i.ScanKeyboard                           0x080006a8   Section        0  main.o(i.ScanKeyboard)
    i.SystemInit                             0x0800071c   Section        0  system_at32f403a_407.o(i.SystemInit)
    i.UsageFault_Handler                     0x0800078c   Section        0  at32f403a_407_int.o(i.UsageFault_Handler)
    i.crm_ahb_div_set                        0x08000790   Section        0  at32f403a_407_crm.o(i.crm_ahb_div_set)
    i.crm_apb1_div_set                       0x080007a4   Section        0  at32f403a_407_crm.o(i.crm_apb1_div_set)
    i.crm_apb2_div_set                       0x080007b8   Section        0  at32f403a_407_crm.o(i.crm_apb2_div_set)
    i.crm_auto_step_mode_enable              0x080007cc   Section        0  at32f403a_407_crm.o(i.crm_auto_step_mode_enable)
    i.crm_clock_source_enable                0x080007f4   Section        0  at32f403a_407_crm.o(i.crm_clock_source_enable)
    i.crm_flag_get                           0x08000854   Section        0  at32f403a_407_crm.o(i.crm_flag_get)
    i.crm_hext_stable_wait                   0x08000884   Section        0  at32f403a_407_crm.o(i.crm_hext_stable_wait)
    i.crm_periph_clock_enable                0x080008b4   Section        0  at32f403a_407_crm.o(i.crm_periph_clock_enable)
    i.crm_pll_config                         0x080008f8   Section        0  at32f403a_407_crm.o(i.crm_pll_config)
    i.crm_reset                              0x08000974   Section        0  at32f403a_407_crm.o(i.crm_reset)
    i.crm_sysclk_switch                      0x080009cc   Section        0  at32f403a_407_crm.o(i.crm_sysclk_switch)
    i.crm_sysclk_switch_status_get           0x08000a08   Section        0  at32f403a_407_crm.o(i.crm_sysclk_switch_status_get)
    i.delay                                  0x08000a18   Section        0  lcd.o(i.delay)
    i.gpio_bits_reset                        0x08000a28   Section        0  at32f403a_407_gpio.o(i.gpio_bits_reset)
    i.gpio_bits_set                          0x08000a2c   Section        0  at32f403a_407_gpio.o(i.gpio_bits_set)
    i.gpio_default_para_init                 0x08000a30   Section        0  at32f403a_407_gpio.o(i.gpio_default_para_init)
    i.gpio_init                              0x08000a46   Section        0  at32f403a_407_gpio.o(i.gpio_init)
    i.gpio_pin_remap_config                  0x08000af0   Section        0  at32f403a_407_gpio.o(i.gpio_pin_remap_config)
    i.main                                   0x08000b3c   Section        0  main.o(i.main)
    i.nvic_priority_group_config             0x08000b84   Section        0  at32f403a_407_misc.o(i.nvic_priority_group_config)
    i.system_core_clock_update               0x08000bac   Section        0  system_at32f403a_407.o(i.system_core_clock_update)
    i.tmr_base_init                          0x08000ca4   Section        0  at32f403a_407_tmr.o(i.tmr_base_init)
    i.tmr_cnt_dir_set                        0x08000cb4   Section        0  at32f403a_407_tmr.o(i.tmr_cnt_dir_set)
    i.tmr_counter_enable                     0x08000cbe   Section        0  at32f403a_407_tmr.o(i.tmr_counter_enable)
    i.tmr_counter_value_get                  0x08000cc8   Section        0  at32f403a_407_tmr.o(i.tmr_counter_value_get)
    i.tmr_counter_value_set                  0x08000cce   Section        0  at32f403a_407_tmr.o(i.tmr_counter_value_set)
    i.tmr_overflow_event_disable             0x08000cd2   Section        0  at32f403a_407_tmr.o(i.tmr_overflow_event_disable)
    i.tmr_period_buffer_enable               0x08000cdc   Section        0  at32f403a_407_tmr.o(i.tmr_period_buffer_enable)
    i.tmr_primary_mode_select                0x08000ce6   Section        0  at32f403a_407_tmr.o(i.tmr_primary_mode_select)
    i.wk_debug_config                        0x08000cf0   Section        0  at32f403a_407_wk_config.o(i.wk_debug_config)
    i.wk_gpio_config                         0x08000d00   Section        0  at32f403a_407_wk_config.o(i.wk_gpio_config)
    i.wk_nvic_config                         0x08000d88   Section        0  at32f403a_407_wk_config.o(i.wk_nvic_config)
    i.wk_periph_clock_config                 0x08000d94   Section        0  at32f403a_407_wk_config.o(i.wk_periph_clock_config)
    i.wk_system_clock_config                 0x08000dd0   Section        0  at32f403a_407_wk_config.o(i.wk_system_clock_config)
    i.wk_tmr7_init                           0x08000e68   Section        0  at32f403a_407_wk_config.o(i.wk_tmr7_init)
    x$fpl$fpinit                             0x08000ea8   Section       10  fpinit.o(x$fpl$fpinit)
    $v0                                      0x08000ea8   Number         0  fpinit.o(x$fpl$fpinit)
    .constdata                               0x08000eb2   Section       16  system_at32f403a_407.o(.constdata)
    sys_ahb_div_table                        0x08000eb2   Data          16  system_at32f403a_407.o(.constdata)
    .data                                    0x20000000   Section       64  main.o(.data)
    .data                                    0x20000040   Section        4  system_at32f403a_407.o(.data)
    .bss                                     0x20000044   Section       96  libspace.o(.bss)
    HEAP                                     0x200000a8   Section      512  startup_at32f403a_407.o(HEAP)
    Heap_Mem                                 0x200000a8   Data         512  startup_at32f403a_407.o(HEAP)
    STACK                                    0x200002a8   Section     1024  startup_at32f403a_407.o(STACK)
    Stack_Mem                                0x200002a8   Data        1024  startup_at32f403a_407.o(STACK)
    __initial_sp                             0x200006a8   Data           0  startup_at32f403a_407.o(STACK)

    Global Symbols

    Symbol Name                              Value     Ov Type        Size  Object(Section)

    BuildAttributes$$THM_ISAv4$E$P$D$K$B$S$7EM$VFPi3$EXTD16$VFPS$VFMA$PE$A:L22UL41UL21$X:L11$S22US41US21$IEEE1$IW$USESV6$~STKCKD$USESV7$~SHL$OSPACE$ROPI$EBA8$UX$STANDARDLIB$REQ8$PRES8$EABIv2 0x00000000   Number         0  anon$$obj.o ABSOLUTE
    __ARM_use_no_argv                        0x00000000   Number         0  main.o ABSOLUTE
    __ARM_exceptions_init                     - Undefined Weak Reference
    __alloca_initialize                       - Undefined Weak Reference
    __arm_preinit_                            - Undefined Weak Reference
    __cpp_initialize__aeabi_                  - Undefined Weak Reference
    __cxa_finalize                            - Undefined Weak Reference
    __rt_locale                               - Undefined Weak Reference
    __sigvec_lookup                           - Undefined Weak Reference
    _atexit_init                              - Undefined Weak Reference
    _call_atexit_fns                          - Undefined Weak Reference
    _clock_init                               - Undefined Weak Reference
    _fp_trap_init                             - Undefined Weak Reference
    _fp_trap_shutdown                         - Undefined Weak Reference
    _get_lc_collate                           - Undefined Weak Reference
    _get_lc_ctype                             - Undefined Weak Reference
    _get_lc_monetary                          - Undefined Weak Reference
    _get_lc_numeric                           - Undefined Weak Reference
    _get_lc_time                              - Undefined Weak Reference
    _getenv_init                              - Undefined Weak Reference
    _handle_redirection                       - Undefined Weak Reference
    _init_alloc                               - Undefined Weak Reference
    _init_user_alloc                          - Undefined Weak Reference
    _initio                                   - Undefined Weak Reference
    _rand_init                                - Undefined Weak Reference
    _signal_finish                            - Undefined Weak Reference
    _signal_init                              - Undefined Weak Reference
    _terminate_alloc                          - Undefined Weak Reference
    _terminate_user_alloc                     - Undefined Weak Reference
    _terminateio                              - Undefined Weak Reference
    __Vectors_Size                           0x00000184   Number         0  startup_at32f403a_407.o ABSOLUTE
    __Vectors                                0x08000000   Data           4  startup_at32f403a_407.o(RESET)
    __Vectors_End                            0x08000184   Data           0  startup_at32f403a_407.o(RESET)
    __main                                   0x08000185   Thumb Code     8  __main.o(!!!main)
    __scatterload                            0x0800018d   Thumb Code     0  __scatter.o(!!!scatter)
    __scatterload_rt2                        0x0800018d   Thumb Code    44  __scatter.o(!!!scatter)
    __scatterload_rt2_thumb_only             0x0800018d   Thumb Code     0  __scatter.o(!!!scatter)
    __scatterload_null                       0x0800019b   Thumb Code     0  __scatter.o(!!!scatter)
    __scatterload_copy                       0x080001c1   Thumb Code    26  __scatter_copy.o(!!handler_copy)
    __scatterload_zeroinit                   0x080001dd   Thumb Code    28  __scatter_zi.o(!!handler_zi)
    __rt_lib_init                            0x080001f9   Thumb Code     0  libinit.o(.ARM.Collect$$libinit$$00000000)
    __rt_lib_init_fp_1                       0x080001fb   Thumb Code     0  libinit2.o(.ARM.Collect$$libinit$$00000001)
    __rt_lib_init_alloca_1                   0x080001ff   Thumb Code     0  libinit2.o(.ARM.Collect$$libinit$$0000002E)
    __rt_lib_init_argv_1                     0x080001ff   Thumb Code     0  libinit2.o(.ARM.Collect$$libinit$$0000002C)
    __rt_lib_init_atexit_1                   0x080001ff   Thumb Code     0  libinit2.o(.ARM.Collect$$libinit$$0000001B)
    __rt_lib_init_clock_1                    0x080001ff   Thumb Code     0  libinit2.o(.ARM.Collect$$libinit$$00000021)
    __rt_lib_init_cpp_1                      0x080001ff   Thumb Code     0  libinit2.o(.ARM.Collect$$libinit$$00000032)
    __rt_lib_init_exceptions_1               0x080001ff   Thumb Code     0  libinit2.o(.ARM.Collect$$libinit$$00000030)
    __rt_lib_init_fp_trap_1                  0x080001ff   Thumb Code     0  libinit2.o(.ARM.Collect$$libinit$$0000001F)
    __rt_lib_init_getenv_1                   0x080001ff   Thumb Code     0  libinit2.o(.ARM.Collect$$libinit$$00000023)
    __rt_lib_init_heap_1                     0x080001ff   Thumb Code     0  libinit2.o(.ARM.Collect$$libinit$$0000000A)
    __rt_lib_init_lc_collate_1               0x080001ff   Thumb Code     0  libinit2.o(.ARM.Collect$$libinit$$00000011)
    __rt_lib_init_lc_ctype_1                 0x080001ff   Thumb Code     0  libinit2.o(.ARM.Collect$$libinit$$00000013)
    __rt_lib_init_lc_monetary_1              0x080001ff   Thumb Code     0  libinit2.o(.ARM.Collect$$libinit$$00000015)
    __rt_lib_init_lc_numeric_1               0x080001ff   Thumb Code     0  libinit2.o(.ARM.Collect$$libinit$$00000017)
    __rt_lib_init_lc_time_1                  0x080001ff   Thumb Code     0  libinit2.o(.ARM.Collect$$libinit$$00000019)
    __rt_lib_init_preinit_1                  0x080001ff   Thumb Code     0  libinit2.o(.ARM.Collect$$libinit$$00000004)
    __rt_lib_init_rand_1                     0x080001ff   Thumb Code     0  libinit2.o(.ARM.Collect$$libinit$$0000000E)
    __rt_lib_init_return                     0x080001ff   Thumb Code     0  libinit2.o(.ARM.Collect$$libinit$$00000033)
    __rt_lib_init_signal_1                   0x080001ff   Thumb Code     0  libinit2.o(.ARM.Collect$$libinit$$0000001D)
    __rt_lib_init_stdio_1                    0x080001ff   Thumb Code     0  libinit2.o(.ARM.Collect$$libinit$$00000025)
    __rt_lib_init_user_alloc_1               0x080001ff   Thumb Code     0  libinit2.o(.ARM.Collect$$libinit$$0000000C)
    __rt_lib_shutdown                        0x08000201   Thumb Code     0  libshutdown.o(.ARM.Collect$$libshutdown$$00000000)
    __rt_lib_shutdown_cpp_1                  0x08000203   Thumb Code     0  libshutdown2.o(.ARM.Collect$$libshutdown$$00000002)
    __rt_lib_shutdown_fp_trap_1              0x08000203   Thumb Code     0  libshutdown2.o(.ARM.Collect$$libshutdown$$00000007)
    __rt_lib_shutdown_heap_1                 0x08000203   Thumb Code     0  libshutdown2.o(.ARM.Collect$$libshutdown$$0000000F)
    __rt_lib_shutdown_return                 0x08000203   Thumb Code     0  libshutdown2.o(.ARM.Collect$$libshutdown$$00000010)
    __rt_lib_shutdown_signal_1               0x08000203   Thumb Code     0  libshutdown2.o(.ARM.Collect$$libshutdown$$0000000A)
    __rt_lib_shutdown_stdio_1                0x08000203   Thumb Code     0  libshutdown2.o(.ARM.Collect$$libshutdown$$00000004)
    __rt_lib_shutdown_user_alloc_1           0x08000203   Thumb Code     0  libshutdown2.o(.ARM.Collect$$libshutdown$$0000000C)
    __rt_entry                               0x08000205   Thumb Code     0  __rtentry.o(.ARM.Collect$$rtentry$$00000000)
    __rt_entry_presh_1                       0x08000205   Thumb Code     0  __rtentry2.o(.ARM.Collect$$rtentry$$00000002)
    __rt_entry_sh                            0x08000205   Thumb Code     0  __rtentry4.o(.ARM.Collect$$rtentry$$00000004)
    __rt_entry_li                            0x0800020b   Thumb Code     0  __rtentry2.o(.ARM.Collect$$rtentry$$0000000A)
    __rt_entry_postsh_1                      0x0800020b   Thumb Code     0  __rtentry2.o(.ARM.Collect$$rtentry$$00000009)
    __rt_entry_main                          0x0800020f   Thumb Code     0  __rtentry2.o(.ARM.Collect$$rtentry$$0000000D)
    __rt_entry_postli_1                      0x0800020f   Thumb Code     0  __rtentry2.o(.ARM.Collect$$rtentry$$0000000C)
    __rt_exit                                0x08000217   Thumb Code     0  rtexit.o(.ARM.Collect$$rtexit$$00000000)
    __rt_exit_ls                             0x08000219   Thumb Code     0  rtexit2.o(.ARM.Collect$$rtexit$$00000003)
    __rt_exit_prels_1                        0x08000219   Thumb Code     0  rtexit2.o(.ARM.Collect$$rtexit$$00000002)
    __rt_exit_exit                           0x0800021d   Thumb Code     0  rtexit2.o(.ARM.Collect$$rtexit$$00000004)
    Reset_Handler                            0x08000225   Thumb Code     8  startup_at32f403a_407.o(.text)
    SysTick_Handler                          0x0800023d   Thumb Code     2  startup_at32f403a_407.o(.text)
    ACC_IRQHandler                           0x0800023f   Thumb Code     0  startup_at32f403a_407.o(.text)
    ADC1_2_IRQHandler                        0x0800023f   Thumb Code     0  startup_at32f403a_407.o(.text)
    ADC3_IRQHandler                          0x0800023f   Thumb Code     0  startup_at32f403a_407.o(.text)
    CAN1_RX1_IRQHandler                      0x0800023f   Thumb Code     0  startup_at32f403a_407.o(.text)
    CAN1_SE_IRQHandler                       0x0800023f   Thumb Code     0  startup_at32f403a_407.o(.text)
    CAN2_RX0_IRQHandler                      0x0800023f   Thumb Code     0  startup_at32f403a_407.o(.text)
    CAN2_RX1_IRQHandler                      0x0800023f   Thumb Code     0  startup_at32f403a_407.o(.text)
    CAN2_SE_IRQHandler                       0x0800023f   Thumb Code     0  startup_at32f403a_407.o(.text)
    CAN2_TX_IRQHandler                       0x0800023f   Thumb Code     0  startup_at32f403a_407.o(.text)
    CRM_IRQHandler                           0x0800023f   Thumb Code     0  startup_at32f403a_407.o(.text)
    DMA1_Channel1_IRQHandler                 0x0800023f   Thumb Code     0  startup_at32f403a_407.o(.text)
    DMA1_Channel2_IRQHandler                 0x0800023f   Thumb Code     0  startup_at32f403a_407.o(.text)
    DMA1_Channel3_IRQHandler                 0x0800023f   Thumb Code     0  startup_at32f403a_407.o(.text)
    DMA1_Channel4_IRQHandler                 0x0800023f   Thumb Code     0  startup_at32f403a_407.o(.text)
    DMA1_Channel5_IRQHandler                 0x0800023f   Thumb Code     0  startup_at32f403a_407.o(.text)
    DMA1_Channel6_IRQHandler                 0x0800023f   Thumb Code     0  startup_at32f403a_407.o(.text)
    DMA1_Channel7_IRQHandler                 0x0800023f   Thumb Code     0  startup_at32f403a_407.o(.text)
    DMA2_Channel1_IRQHandler                 0x0800023f   Thumb Code     0  startup_at32f403a_407.o(.text)
    DMA2_Channel2_IRQHandler                 0x0800023f   Thumb Code     0  startup_at32f403a_407.o(.text)
    DMA2_Channel3_IRQHandler                 0x0800023f   Thumb Code     0  startup_at32f403a_407.o(.text)
    DMA2_Channel4_5_IRQHandler               0x0800023f   Thumb Code     0  startup_at32f403a_407.o(.text)
    DMA2_Channel6_7_IRQHandler               0x0800023f   Thumb Code     0  startup_at32f403a_407.o(.text)
    EMAC_IRQHandler                          0x0800023f   Thumb Code     0  startup_at32f403a_407.o(.text)
    EMAC_WKUP_IRQHandler                     0x0800023f   Thumb Code     0  startup_at32f403a_407.o(.text)
    EXINT0_IRQHandler                        0x0800023f   Thumb Code     0  startup_at32f403a_407.o(.text)
    EXINT15_10_IRQHandler                    0x0800023f   Thumb Code     0  startup_at32f403a_407.o(.text)
    EXINT1_IRQHandler                        0x0800023f   Thumb Code     0  startup_at32f403a_407.o(.text)
    EXINT2_IRQHandler                        0x0800023f   Thumb Code     0  startup_at32f403a_407.o(.text)
    EXINT3_IRQHandler                        0x0800023f   Thumb Code     0  startup_at32f403a_407.o(.text)
    EXINT4_IRQHandler                        0x0800023f   Thumb Code     0  startup_at32f403a_407.o(.text)
    EXINT9_5_IRQHandler                      0x0800023f   Thumb Code     0  startup_at32f403a_407.o(.text)
    FLASH_IRQHandler                         0x0800023f   Thumb Code     0  startup_at32f403a_407.o(.text)
    I2C1_ERR_IRQHandler                      0x0800023f   Thumb Code     0  startup_at32f403a_407.o(.text)
    I2C1_EVT_IRQHandler                      0x0800023f   Thumb Code     0  startup_at32f403a_407.o(.text)
    I2C2_ERR_IRQHandler                      0x0800023f   Thumb Code     0  startup_at32f403a_407.o(.text)
    I2C2_EVT_IRQHandler                      0x0800023f   Thumb Code     0  startup_at32f403a_407.o(.text)
    I2C3_ERR_IRQHandler                      0x0800023f   Thumb Code     0  startup_at32f403a_407.o(.text)
    I2C3_EVT_IRQHandler                      0x0800023f   Thumb Code     0  startup_at32f403a_407.o(.text)
    PVM_IRQHandler                           0x0800023f   Thumb Code     0  startup_at32f403a_407.o(.text)
    RTCAlarm_IRQHandler                      0x0800023f   Thumb Code     0  startup_at32f403a_407.o(.text)
    RTC_IRQHandler                           0x0800023f   Thumb Code     0  startup_at32f403a_407.o(.text)
    SDIO1_IRQHandler                         0x0800023f   Thumb Code     0  startup_at32f403a_407.o(.text)
    SDIO2_IRQHandler                         0x0800023f   Thumb Code     0  startup_at32f403a_407.o(.text)
    SPI1_IRQHandler                          0x0800023f   Thumb Code     0  startup_at32f403a_407.o(.text)
    SPI2_I2S2EXT_IRQHandler                  0x0800023f   Thumb Code     0  startup_at32f403a_407.o(.text)
    SPI3_I2S3EXT_IRQHandler                  0x0800023f   Thumb Code     0  startup_at32f403a_407.o(.text)
    SPI4_IRQHandler                          0x0800023f   Thumb Code     0  startup_at32f403a_407.o(.text)
    TAMPER_IRQHandler                        0x0800023f   Thumb Code     0  startup_at32f403a_407.o(.text)
    TMR1_BRK_TMR9_IRQHandler                 0x0800023f   Thumb Code     0  startup_at32f403a_407.o(.text)
    TMR1_CH_IRQHandler                       0x0800023f   Thumb Code     0  startup_at32f403a_407.o(.text)
    TMR1_OVF_TMR10_IRQHandler                0x0800023f   Thumb Code     0  startup_at32f403a_407.o(.text)
    TMR1_TRG_HALL_TMR11_IRQHandler           0x0800023f   Thumb Code     0  startup_at32f403a_407.o(.text)
    TMR2_GLOBAL_IRQHandler                   0x0800023f   Thumb Code     0  startup_at32f403a_407.o(.text)
    TMR3_GLOBAL_IRQHandler                   0x0800023f   Thumb Code     0  startup_at32f403a_407.o(.text)
    TMR4_GLOBAL_IRQHandler                   0x0800023f   Thumb Code     0  startup_at32f403a_407.o(.text)
    TMR5_GLOBAL_IRQHandler                   0x0800023f   Thumb Code     0  startup_at32f403a_407.o(.text)
    TMR6_GLOBAL_IRQHandler                   0x0800023f   Thumb Code     0  startup_at32f403a_407.o(.text)
    TMR7_GLOBAL_IRQHandler                   0x0800023f   Thumb Code     0  startup_at32f403a_407.o(.text)
    TMR8_BRK_TMR12_IRQHandler                0x0800023f   Thumb Code     0  startup_at32f403a_407.o(.text)
    TMR8_CH_IRQHandler                       0x0800023f   Thumb Code     0  startup_at32f403a_407.o(.text)
    TMR8_OVF_TMR13_IRQHandler                0x0800023f   Thumb Code     0  startup_at32f403a_407.o(.text)
    TMR8_TRG_HALL_TMR14_IRQHandler           0x0800023f   Thumb Code     0  startup_at32f403a_407.o(.text)
    UART4_IRQHandler                         0x0800023f   Thumb Code     0  startup_at32f403a_407.o(.text)
    UART5_IRQHandler                         0x0800023f   Thumb Code     0  startup_at32f403a_407.o(.text)
    UART7_IRQHandler                         0x0800023f   Thumb Code     0  startup_at32f403a_407.o(.text)
    UART8_IRQHandler                         0x0800023f   Thumb Code     0  startup_at32f403a_407.o(.text)
    USART1_IRQHandler                        0x0800023f   Thumb Code     0  startup_at32f403a_407.o(.text)
    USART2_IRQHandler                        0x0800023f   Thumb Code     0  startup_at32f403a_407.o(.text)
    USART3_IRQHandler                        0x0800023f   Thumb Code     0  startup_at32f403a_407.o(.text)
    USART6_IRQHandler                        0x0800023f   Thumb Code     0  startup_at32f403a_407.o(.text)
    USBFSWakeUp_IRQHandler                   0x0800023f   Thumb Code     0  startup_at32f403a_407.o(.text)
    USBFS_H_CAN1_TX_IRQHandler               0x0800023f   Thumb Code     0  startup_at32f403a_407.o(.text)
    USBFS_L_CAN1_RX0_IRQHandler              0x0800023f   Thumb Code     0  startup_at32f403a_407.o(.text)
    USBFS_MAPH_IRQHandler                    0x0800023f   Thumb Code     0  startup_at32f403a_407.o(.text)
    USBFS_MAPL_IRQHandler                    0x0800023f   Thumb Code     0  startup_at32f403a_407.o(.text)
    WWDT_IRQHandler                          0x0800023f   Thumb Code     0  startup_at32f403a_407.o(.text)
    XMC_IRQHandler                           0x0800023f   Thumb Code     0  startup_at32f403a_407.o(.text)
    __user_initial_stackheap                 0x08000241   Thumb Code     0  startup_at32f403a_407.o(.text)
    __use_two_region_memory                  0x08000265   Thumb Code     2  heapauxi.o(.text)
    __rt_heap_escrow$2region                 0x08000267   Thumb Code     2  heapauxi.o(.text)
    __rt_heap_expand$2region                 0x08000269   Thumb Code     2  heapauxi.o(.text)
    __user_setup_stackheap                   0x0800026b   Thumb Code    74  sys_stackheap_outer.o(.text)
    exit                                     0x080002b5   Thumb Code    18  exit.o(.text)
    __user_libspace                          0x080002c9   Thumb Code     8  libspace.o(.text)
    __user_perproc_libspace                  0x080002c9   Thumb Code     0  libspace.o(.text)
    __user_perthread_libspace                0x080002c9   Thumb Code     0  libspace.o(.text)
    _sys_exit                                0x080002d1   Thumb Code     8  sys_exit.o(.text)
    __I$use$semihosting                      0x080002dd   Thumb Code     0  use_no_semi.o(.text)
    __use_no_semihosting_swi                 0x080002dd   Thumb Code     2  use_no_semi.o(.text)
    __semihosting_library_function           0x080002df   Thumb Code     0  indicate_semi.o(.text)
    AnyKey                                   0x080002e1   Thumb Code    22  main.o(i.AnyKey)
    BusFault_Handler                         0x080002fd   Thumb Code     4  at32f403a_407_int.o(i.BusFault_Handler)
    ClearKey                                 0x08000301   Thumb Code     8  main.o(i.ClearKey)
    DebugMon_Handler                         0x0800030d   Thumb Code     2  at32f403a_407_int.o(i.DebugMon_Handler)
    Delay                                    0x08000311   Thumb Code    26  lcd.o(i.Delay)
    FindKey                                  0x08000331   Thumb Code    54  main.o(i.FindKey)
    GetKey                                   0x0800037d   Thumb Code    22  main.o(i.GetKey)
    HardFault_Handler                        0x0800039d   Thumb Code     4  at32f403a_407_int.o(i.HardFault_Handler)
    InitKeyboard                             0x080003a1   Thumb Code    38  main.o(i.InitKeyboard)
    LCD_Clear                                0x080003e1   Thumb Code    16  lcd.o(i.LCD_Clear)
    LCD_Command                              0x080003f1   Thumb Code    70  lcd.o(i.LCD_Command)
    LCD_Data                                 0x0800043d   Thumb Code    70  lcd.o(i.LCD_Data)
    LCD_Init                                 0x08000489   Thumb Code   178  lcd.o(i.LCD_Init)
    LCD_SendChar                             0x08000541   Thumb Code    18  lcd.o(i.LCD_SendChar)
    LCD_SetPos                               0x08000553   Thumb Code    56  lcd.o(i.LCD_SetPos)
    LCD_String                               0x0800058b   Thumb Code    30  lcd.o(i.LCD_String)
    LCD_WriteData                            0x080005a9   Thumb Code   106  lcd.o(i.LCD_WriteData)
    MemManage_Handler                        0x08000619   Thumb Code     4  at32f403a_407_int.o(i.MemManage_Handler)
    NMI_Handler                              0x0800061d   Thumb Code     2  at32f403a_407_int.o(i.NMI_Handler)
    PendSV_Handler                           0x0800061f   Thumb Code     2  at32f403a_407_int.o(i.PendSV_Handler)
    SVC_Handler                              0x08000621   Thumb Code     2  at32f403a_407_int.o(i.SVC_Handler)
    SameKey                                  0x08000625   Thumb Code    40  main.o(i.SameKey)
    ScanKey                                  0x08000655   Thumb Code    76  main.o(i.ScanKey)
    ScanKeyboard                             0x080006a9   Thumb Code   112  main.o(i.ScanKeyboard)
    SystemInit                               0x0800071d   Thumb Code   100  system_at32f403a_407.o(i.SystemInit)
    UsageFault_Handler                       0x0800078d   Thumb Code     4  at32f403a_407_int.o(i.UsageFault_Handler)
    crm_ahb_div_set                          0x08000791   Thumb Code    14  at32f403a_407_crm.o(i.crm_ahb_div_set)
    crm_apb1_div_set                         0x080007a5   Thumb Code    14  at32f403a_407_crm.o(i.crm_apb1_div_set)
    crm_apb2_div_set                         0x080007b9   Thumb Code    14  at32f403a_407_crm.o(i.crm_apb2_div_set)
    crm_auto_step_mode_enable                0x080007cd   Thumb Code    34  at32f403a_407_crm.o(i.crm_auto_step_mode_enable)
    crm_clock_source_enable                  0x080007f5   Thumb Code    90  at32f403a_407_crm.o(i.crm_clock_source_enable)
    crm_flag_get                             0x08000855   Thumb Code    42  at32f403a_407_crm.o(i.crm_flag_get)
    crm_hext_stable_wait                     0x08000885   Thumb Code    46  at32f403a_407_crm.o(i.crm_hext_stable_wait)
    crm_periph_clock_enable                  0x080008b5   Thumb Code    62  at32f403a_407_crm.o(i.crm_periph_clock_enable)
    crm_pll_config                           0x080008f9   Thumb Code   118  at32f403a_407_crm.o(i.crm_pll_config)
    crm_reset                                0x08000975   Thumb Code    80  at32f403a_407_crm.o(i.crm_reset)
    crm_sysclk_switch                        0x080009cd   Thumb Code    54  at32f403a_407_crm.o(i.crm_sysclk_switch)
    crm_sysclk_switch_status_get             0x08000a09   Thumb Code    10  at32f403a_407_crm.o(i.crm_sysclk_switch_status_get)
    delay                                    0x08000a19   Thumb Code    16  lcd.o(i.delay)
    gpio_bits_reset                          0x08000a29   Thumb Code     4  at32f403a_407_gpio.o(i.gpio_bits_reset)
    gpio_bits_set                            0x08000a2d   Thumb Code     4  at32f403a_407_gpio.o(i.gpio_bits_set)
    gpio_default_para_init                   0x08000a31   Thumb Code    22  at32f403a_407_gpio.o(i.gpio_default_para_init)
    gpio_init                                0x08000a47   Thumb Code   168  at32f403a_407_gpio.o(i.gpio_init)
    gpio_pin_remap_config                    0x08000af1   Thumb Code    70  at32f403a_407_gpio.o(i.gpio_pin_remap_config)
    main                                     0x08000b3d   Thumb Code    68  main.o(i.main)
    nvic_priority_group_config               0x08000b85   Thumb Code    32  at32f403a_407_misc.o(i.nvic_priority_group_config)
    system_core_clock_update                 0x08000bad   Thumb Code   222  system_at32f403a_407.o(i.system_core_clock_update)
    tmr_base_init                            0x08000ca5   Thumb Code    16  at32f403a_407_tmr.o(i.tmr_base_init)
    tmr_cnt_dir_set                          0x08000cb5   Thumb Code    10  at32f403a_407_tmr.o(i.tmr_cnt_dir_set)
    tmr_counter_enable                       0x08000cbf   Thumb Code    10  at32f403a_407_tmr.o(i.tmr_counter_enable)
    tmr_counter_value_get                    0x08000cc9   Thumb Code     6  at32f403a_407_tmr.o(i.tmr_counter_value_get)
    tmr_counter_value_set                    0x08000ccf   Thumb Code     4  at32f403a_407_tmr.o(i.tmr_counter_value_set)
    tmr_overflow_event_disable               0x08000cd3   Thumb Code    10  at32f403a_407_tmr.o(i.tmr_overflow_event_disable)
    tmr_period_buffer_enable                 0x08000cdd   Thumb Code    10  at32f403a_407_tmr.o(i.tmr_period_buffer_enable)
    tmr_primary_mode_select                  0x08000ce7   Thumb Code    10  at32f403a_407_tmr.o(i.tmr_primary_mode_select)
    wk_debug_config                          0x08000cf1   Thumb Code    12  at32f403a_407_wk_config.o(i.wk_debug_config)
    wk_gpio_config                           0x08000d01   Thumb Code   126  at32f403a_407_wk_config.o(i.wk_gpio_config)
    wk_nvic_config                           0x08000d89   Thumb Code    10  at32f403a_407_wk_config.o(i.wk_nvic_config)
    wk_periph_clock_config                   0x08000d95   Thumb Code    50  at32f403a_407_wk_config.o(i.wk_periph_clock_config)
    wk_system_clock_config                   0x08000dd1   Thumb Code   146  at32f403a_407_wk_config.o(i.wk_system_clock_config)
    wk_tmr7_init                             0x08000e69   Thumb Code    58  at32f403a_407_wk_config.o(i.wk_tmr7_init)
    _fp_init                                 0x08000ea9   Thumb Code    10  fpinit.o(x$fpl$fpinit)
    __fplib_config_fpu_vfp                   0x08000eb1   Thumb Code     0  fpinit.o(x$fpl$fpinit)
    __fplib_config_pureend_doubles           0x08000eb1   Thumb Code     0  fpinit.o(x$fpl$fpinit)
    Region$$Table$$Base                      0x08000ec4   Number         0  anon$$obj.o(Region$$Table)
    Region$$Table$$Limit                     0x08000ee4   Number         0  anon$$obj.o(Region$$Table)
    KeyState                                 0x20000000   Data           1  main.o(.data)
    KeyCode                                  0x20000002   Data           2  main.o(.data)
    KeyValue                                 0x20000004   Data           2  main.o(.data)
    KeyDown                                  0x20000006   Data           1  main.o(.data)
    KeyNew                                   0x20000007   Data           1  main.o(.data)
    KeyTable                                 0x20000008   Data          24  main.o(.data)
    string                                   0x20000020   Data          13  main.o(.data)
    IntIDTValue                              0x2000002e   Data           2  main.o(.data)
    StrIDTValue                              0x20000030   Data          16  main.o(.data)
    system_core_clock                        0x20000040   Data           4  system_at32f403a_407.o(.data)
    __libspace_start                         0x20000044   Data          96  libspace.o(.bss)
    __temporary_stack_top$libspace           0x200000a4   Data           0  libspace.o(.bss)



==============================================================================

Memory Map of the image

  Image Entry point : 0x08000185

  Load Region LR_IROM1 (Base: 0x08000000, Size: 0x00000f28, Max: 0x00100000, ABSOLUTE)

    Execution Region ER_IROM1 (Exec base: 0x08000000, Load base: 0x08000000, Size: 0x00000ee4, Max: 0x00100000, ABSOLUTE)

    Exec Addr    Load Addr    Size         Type   Attr      Idx    E Section Name        Object

    0x08000000   0x08000000   0x00000184   Data   RO         1554    RESET               startup_at32f403a_407.o
    0x08000184   0x08000184   0x00000008   Code   RO         1600  * !!!main             c_w.l(__main.o)
    0x0800018c   0x0800018c   0x00000034   Code   RO         1757    !!!scatter          c_w.l(__scatter.o)
    0x080001c0   0x080001c0   0x0000001a   Code   RO         1759    !!handler_copy      c_w.l(__scatter_copy.o)
    0x080001da   0x080001da   0x00000002   PAD
    0x080001dc   0x080001dc   0x0000001c   Code   RO         1761    !!handler_zi        c_w.l(__scatter_zi.o)
    0x080001f8   0x080001f8   0x00000002   Code   RO         1627    .ARM.Collect$$libinit$$00000000  c_w.l(libinit.o)
    0x080001fa   0x080001fa   0x00000004   Code   RO         1633    .ARM.Collect$$libinit$$00000001  c_w.l(libinit2.o)
    0x080001fe   0x080001fe   0x00000000   Code   RO         1636    .ARM.Collect$$libinit$$00000004  c_w.l(libinit2.o)
    0x080001fe   0x080001fe   0x00000000   Code   RO         1639    .ARM.Collect$$libinit$$0000000A  c_w.l(libinit2.o)
    0x080001fe   0x080001fe   0x00000000   Code   RO         1641    .ARM.Collect$$libinit$$0000000C  c_w.l(libinit2.o)
    0x080001fe   0x080001fe   0x00000000   Code   RO         1643    .ARM.Collect$$libinit$$0000000E  c_w.l(libinit2.o)
    0x080001fe   0x080001fe   0x00000000   Code   RO         1646    .ARM.Collect$$libinit$$00000011  c_w.l(libinit2.o)
    0x080001fe   0x080001fe   0x00000000   Code   RO         1648    .ARM.Collect$$libinit$$00000013  c_w.l(libinit2.o)
    0x080001fe   0x080001fe   0x00000000   Code   RO         1650    .ARM.Collect$$libinit$$00000015  c_w.l(libinit2.o)
    0x080001fe   0x080001fe   0x00000000   Code   RO         1652    .ARM.Collect$$libinit$$00000017  c_w.l(libinit2.o)
    0x080001fe   0x080001fe   0x00000000   Code   RO         1654    .ARM.Collect$$libinit$$00000019  c_w.l(libinit2.o)
    0x080001fe   0x080001fe   0x00000000   Code   RO         1656    .ARM.Collect$$libinit$$0000001B  c_w.l(libinit2.o)
    0x080001fe   0x080001fe   0x00000000   Code   RO         1658    .ARM.Collect$$libinit$$0000001D  c_w.l(libinit2.o)
    0x080001fe   0x080001fe   0x00000000   Code   RO         1660    .ARM.Collect$$libinit$$0000001F  c_w.l(libinit2.o)
    0x080001fe   0x080001fe   0x00000000   Code   RO         1662    .ARM.Collect$$libinit$$00000021  c_w.l(libinit2.o)
    0x080001fe   0x080001fe   0x00000000   Code   RO         1664    .ARM.Collect$$libinit$$00000023  c_w.l(libinit2.o)
    0x080001fe   0x080001fe   0x00000000   Code   RO         1666    .ARM.Collect$$libinit$$00000025  c_w.l(libinit2.o)
    0x080001fe   0x080001fe   0x00000000   Code   RO         1670    .ARM.Collect$$libinit$$0000002C  c_w.l(libinit2.o)
    0x080001fe   0x080001fe   0x00000000   Code   RO         1672    .ARM.Collect$$libinit$$0000002E  c_w.l(libinit2.o)
    0x080001fe   0x080001fe   0x00000000   Code   RO         1674    .ARM.Collect$$libinit$$00000030  c_w.l(libinit2.o)
    0x080001fe   0x080001fe   0x00000000   Code   RO         1676    .ARM.Collect$$libinit$$00000032  c_w.l(libinit2.o)
    0x080001fe   0x080001fe   0x00000002   Code   RO         1677    .ARM.Collect$$libinit$$00000033  c_w.l(libinit2.o)
    0x08000200   0x08000200   0x00000002   Code   RO         1697    .ARM.Collect$$libshutdown$$00000000  c_w.l(libshutdown.o)
    0x08000202   0x08000202   0x00000000   Code   RO         1710    .ARM.Collect$$libshutdown$$00000002  c_w.l(libshutdown2.o)
    0x08000202   0x08000202   0x00000000   Code   RO         1712    .ARM.Collect$$libshutdown$$00000004  c_w.l(libshutdown2.o)
    0x08000202   0x08000202   0x00000000   Code   RO         1715    .ARM.Collect$$libshutdown$$00000007  c_w.l(libshutdown2.o)
    0x08000202   0x08000202   0x00000000   Code   RO         1718    .ARM.Collect$$libshutdown$$0000000A  c_w.l(libshutdown2.o)
    0x08000202   0x08000202   0x00000000   Code   RO         1720    .ARM.Collect$$libshutdown$$0000000C  c_w.l(libshutdown2.o)
    0x08000202   0x08000202   0x00000000   Code   RO         1723    .ARM.Collect$$libshutdown$$0000000F  c_w.l(libshutdown2.o)
    0x08000202   0x08000202   0x00000002   Code   RO         1724    .ARM.Collect$$libshutdown$$00000010  c_w.l(libshutdown2.o)
    0x08000204   0x08000204   0x00000000   Code   RO         1602    .ARM.Collect$$rtentry$$00000000  c_w.l(__rtentry.o)
    0x08000204   0x08000204   0x00000000   Code   RO         1604    .ARM.Collect$$rtentry$$00000002  c_w.l(__rtentry2.o)
    0x08000204   0x08000204   0x00000006   Code   RO         1616    .ARM.Collect$$rtentry$$00000004  c_w.l(__rtentry4.o)
    0x0800020a   0x0800020a   0x00000000   Code   RO         1606    .ARM.Collect$$rtentry$$00000009  c_w.l(__rtentry2.o)
    0x0800020a   0x0800020a   0x00000004   Code   RO         1607    .ARM.Collect$$rtentry$$0000000A  c_w.l(__rtentry2.o)
    0x0800020e   0x0800020e   0x00000000   Code   RO         1609    .ARM.Collect$$rtentry$$0000000C  c_w.l(__rtentry2.o)
    0x0800020e   0x0800020e   0x00000008   Code   RO         1610    .ARM.Collect$$rtentry$$0000000D  c_w.l(__rtentry2.o)
    0x08000216   0x08000216   0x00000002   Code   RO         1631    .ARM.Collect$$rtexit$$00000000  c_w.l(rtexit.o)
    0x08000218   0x08000218   0x00000000   Code   RO         1679    .ARM.Collect$$rtexit$$00000002  c_w.l(rtexit2.o)
    0x08000218   0x08000218   0x00000004   Code   RO         1680    .ARM.Collect$$rtexit$$00000003  c_w.l(rtexit2.o)
    0x0800021c   0x0800021c   0x00000006   Code   RO         1681    .ARM.Collect$$rtexit$$00000004  c_w.l(rtexit2.o)
    0x08000222   0x08000222   0x00000002   PAD
    0x08000224   0x08000224   0x00000040   Code   RO         1555    .text               startup_at32f403a_407.o
    0x08000264   0x08000264   0x00000006   Code   RO         1598    .text               c_w.l(heapauxi.o)
    0x0800026a   0x0800026a   0x0000004a   Code   RO         1618    .text               c_w.l(sys_stackheap_outer.o)
    0x080002b4   0x080002b4   0x00000012   Code   RO         1620    .text               c_w.l(exit.o)
    0x080002c6   0x080002c6   0x00000002   PAD
    0x080002c8   0x080002c8   0x00000008   Code   RO         1628    .text               c_w.l(libspace.o)
    0x080002d0   0x080002d0   0x0000000c   Code   RO         1689    .text               c_w.l(sys_exit.o)
    0x080002dc   0x080002dc   0x00000002   Code   RO         1700    .text               c_w.l(use_no_semi.o)
    0x080002de   0x080002de   0x00000000   Code   RO         1702    .text               c_w.l(indicate_semi.o)
    0x080002de   0x080002de   0x00000002   PAD
    0x080002e0   0x080002e0   0x0000001c   Code   RO            4    i.AnyKey            main.o
    0x080002fc   0x080002fc   0x00000004   Code   RO          205    i.BusFault_Handler  at32f403a_407_int.o
    0x08000300   0x08000300   0x0000000c   Code   RO            5    i.ClearKey          main.o
    0x0800030c   0x0800030c   0x00000002   Code   RO          206    i.DebugMon_Handler  at32f403a_407_int.o
    0x0800030e   0x0800030e   0x00000002   PAD
    0x08000310   0x08000310   0x00000020   Code   RO          277    i.Delay             lcd.o
    0x08000330   0x08000330   0x0000004c   Code   RO            6    i.FindKey           main.o
    0x0800037c   0x0800037c   0x00000020   Code   RO            7    i.GetKey            main.o
    0x0800039c   0x0800039c   0x00000004   Code   RO          207    i.HardFault_Handler  at32f403a_407_int.o
    0x080003a0   0x080003a0   0x00000040   Code   RO            8    i.InitKeyboard      main.o
    0x080003e0   0x080003e0   0x00000010   Code   RO          278    i.LCD_Clear         lcd.o
    0x080003f0   0x080003f0   0x0000004c   Code   RO          279    i.LCD_Command       lcd.o
    0x0800043c   0x0800043c   0x0000004c   Code   RO          280    i.LCD_Data          lcd.o
    0x08000488   0x08000488   0x000000b8   Code   RO          281    i.LCD_Init          lcd.o
    0x08000540   0x08000540   0x00000012   Code   RO          282    i.LCD_SendChar      lcd.o
    0x08000552   0x08000552   0x00000038   Code   RO          283    i.LCD_SetPos        lcd.o
    0x0800058a   0x0800058a   0x0000001e   Code   RO          284    i.LCD_String        lcd.o
    0x080005a8   0x080005a8   0x00000070   Code   RO          285    i.LCD_WriteData     lcd.o
    0x08000618   0x08000618   0x00000004   Code   RO          208    i.MemManage_Handler  at32f403a_407_int.o
    0x0800061c   0x0800061c   0x00000002   Code   RO          209    i.NMI_Handler       at32f403a_407_int.o
    0x0800061e   0x0800061e   0x00000002   Code   RO          210    i.PendSV_Handler    at32f403a_407_int.o
    0x08000620   0x08000620   0x00000002   Code   RO          211    i.SVC_Handler       at32f403a_407_int.o
    0x08000622   0x08000622   0x00000002   PAD
    0x08000624   0x08000624   0x00000030   Code   RO            9    i.SameKey           main.o
    0x08000654   0x08000654   0x00000054   Code   RO           10    i.ScanKey           main.o
    0x080006a8   0x080006a8   0x00000074   Code   RO           11    i.ScanKeyboard      main.o
    0x0800071c   0x0800071c   0x00000070   Code   RO         1562    i.SystemInit        system_at32f403a_407.o
    0x0800078c   0x0800078c   0x00000004   Code   RO          212    i.UsageFault_Handler  at32f403a_407_int.o
    0x08000790   0x08000790   0x00000014   Code   RO          356    i.crm_ahb_div_set   at32f403a_407_crm.o
    0x080007a4   0x080007a4   0x00000014   Code   RO          357    i.crm_apb1_div_set  at32f403a_407_crm.o
    0x080007b8   0x080007b8   0x00000014   Code   RO          358    i.crm_apb2_div_set  at32f403a_407_crm.o
    0x080007cc   0x080007cc   0x00000028   Code   RO          359    i.crm_auto_step_mode_enable  at32f403a_407_crm.o
    0x080007f4   0x080007f4   0x00000060   Code   RO          365    i.crm_clock_source_enable  at32f403a_407_crm.o
    0x08000854   0x08000854   0x00000030   Code   RO          369    i.crm_flag_get      at32f403a_407_crm.o
    0x08000884   0x08000884   0x0000002e   Code   RO          372    i.crm_hext_stable_wait  at32f403a_407_crm.o
    0x080008b2   0x080008b2   0x00000002   PAD
    0x080008b4   0x080008b4   0x00000044   Code   RO          380    i.crm_periph_clock_enable  at32f403a_407_crm.o
    0x080008f8   0x080008f8   0x0000007c   Code   RO          383    i.crm_pll_config    at32f403a_407_crm.o
    0x08000974   0x08000974   0x00000058   Code   RO          384    i.crm_reset         at32f403a_407_crm.o
    0x080009cc   0x080009cc   0x0000003c   Code   RO          387    i.crm_sysclk_switch  at32f403a_407_crm.o
    0x08000a08   0x08000a08   0x00000010   Code   RO          388    i.crm_sysclk_switch_status_get  at32f403a_407_crm.o
    0x08000a18   0x08000a18   0x00000010   Code   RO          286    i.delay             lcd.o
    0x08000a28   0x08000a28   0x00000004   Code   RO          927    i.gpio_bits_reset   at32f403a_407_gpio.o
    0x08000a2c   0x08000a2c   0x00000004   Code   RO          928    i.gpio_bits_set     at32f403a_407_gpio.o
    0x08000a30   0x08000a30   0x00000016   Code   RO          930    i.gpio_default_para_init  at32f403a_407_gpio.o
    0x08000a46   0x08000a46   0x000000a8   Code   RO          934    i.gpio_init         at32f403a_407_gpio.o
    0x08000aee   0x08000aee   0x00000002   PAD
    0x08000af0   0x08000af0   0x0000004c   Code   RO          940    i.gpio_pin_remap_config  at32f403a_407_gpio.o
    0x08000b3c   0x08000b3c   0x00000048   Code   RO           12    i.main              main.o
    0x08000b84   0x08000b84   0x00000028   Code   RO         1056    i.nvic_priority_group_config  at32f403a_407_misc.o
    0x08000bac   0x08000bac   0x000000f8   Code   RO         1563    i.system_core_clock_update  system_at32f403a_407.o
    0x08000ca4   0x08000ca4   0x00000010   Code   RO         1202    i.tmr_base_init     at32f403a_407_tmr.o
    0x08000cb4   0x08000cb4   0x0000000a   Code   RO         1212    i.tmr_cnt_dir_set   at32f403a_407_tmr.o
    0x08000cbe   0x08000cbe   0x0000000a   Code   RO         1213    i.tmr_counter_enable  at32f403a_407_tmr.o
    0x08000cc8   0x08000cc8   0x00000006   Code   RO         1214    i.tmr_counter_value_get  at32f403a_407_tmr.o
    0x08000cce   0x08000cce   0x00000004   Code   RO         1215    i.tmr_counter_value_set  at32f403a_407_tmr.o
    0x08000cd2   0x08000cd2   0x0000000a   Code   RO         1245    i.tmr_overflow_event_disable  at32f403a_407_tmr.o
    0x08000cdc   0x08000cdc   0x0000000a   Code   RO         1247    i.tmr_period_buffer_enable  at32f403a_407_tmr.o
    0x08000ce6   0x08000ce6   0x0000000a   Code   RO         1250    i.tmr_primary_mode_select  at32f403a_407_tmr.o
    0x08000cf0   0x08000cf0   0x00000010   Code   RO          151    i.wk_debug_config   at32f403a_407_wk_config.o
    0x08000d00   0x08000d00   0x00000088   Code   RO          152    i.wk_gpio_config    at32f403a_407_wk_config.o
    0x08000d88   0x08000d88   0x0000000a   Code   RO          153    i.wk_nvic_config    at32f403a_407_wk_config.o
    0x08000d92   0x08000d92   0x00000002   PAD
    0x08000d94   0x08000d94   0x0000003c   Code   RO          154    i.wk_periph_clock_config  at32f403a_407_wk_config.o
    0x08000dd0   0x08000dd0   0x00000098   Code   RO          155    i.wk_system_clock_config  at32f403a_407_wk_config.o
    0x08000e68   0x08000e68   0x00000040   Code   RO          156    i.wk_tmr7_init      at32f403a_407_wk_config.o
    0x08000ea8   0x08000ea8   0x0000000a   Code   RO         1687    x$fpl$fpinit        fz_wm.l(fpinit.o)
    0x08000eb2   0x08000eb2   0x00000010   Data   RO         1564    .constdata          system_at32f403a_407.o
    0x08000ec2   0x08000ec2   0x00000002   PAD
    0x08000ec4   0x08000ec4   0x00000020   Data   RO         1755    Region$$Table       anon$$obj.o


    Execution Region RW_IRAM1 (Exec base: 0x20000000, Load base: 0x08000ee4, Size: 0x000006a8, Max: 0x00018000, ABSOLUTE)

    Exec Addr    Load Addr    Size         Type   Attr      Idx    E Section Name        Object

    0x20000000   0x08000ee4   0x00000040   Data   RW           13    .data               main.o
    0x20000040   0x08000f24   0x00000004   Data   RW         1565    .data               system_at32f403a_407.o
    0x20000044        -       0x00000060   Zero   RW         1629    .bss                c_w.l(libspace.o)
    0x200000a4   0x08000f28   0x00000004   PAD
    0x200000a8        -       0x00000200   Zero   RW         1553    HEAP                startup_at32f403a_407.o
    0x200002a8        -       0x00000400   Zero   RW         1552    STACK               startup_at32f403a_407.o


==============================================================================

Image component sizes


      Code (inc. data)   RO Data    RW Data    ZI Data      Debug   Object Name

       646         74          0          0          0       7514   at32f403a_407_crm.o
       274          6          0          0          0       4039   at32f403a_407_gpio.o
        24          0          0          0          0       3996   at32f403a_407_int.o
        40          8          0          0          0      30884   at32f403a_407_misc.o
        76          0          0          0          0       5477   at32f403a_407_tmr.o
       438         36          0          0          0       3481   at32f403a_407_wk_config.o
       616         30          0          0          0       5577   lcd.o
       532         92          0         64          0      53439   main.o
        64         26        388          0       1536        852   startup_at32f403a_407.o
       360         38         16          4          0       2328   system_at32f403a_407.o

    ----------------------------------------------------------------------
      3080        310        438         68       1536     117587   Object Totals
         0          0         32          0          0          0   (incl. Generated)
        10          0          2          0          0          0   (incl. Padding)

    ----------------------------------------------------------------------

      Code (inc. data)   RO Data    RW Data    ZI Data      Debug   Library Member Name

         8          0          0          0          0         68   __main.o
         0          0          0          0          0          0   __rtentry.o
        12          0          0          0          0          0   __rtentry2.o
         6          0          0          0          0          0   __rtentry4.o
        52          8          0          0          0          0   __scatter.o
        26          0          0          0          0          0   __scatter_copy.o
        28          0          0          0          0          0   __scatter_zi.o
        18          0          0          0          0         80   exit.o
         6          0          0          0          0        152   heapauxi.o
         0          0          0          0          0          0   indicate_semi.o
         2          0          0          0          0          0   libinit.o
         6          0          0          0          0          0   libinit2.o
         2          0          0          0          0          0   libshutdown.o
         2          0          0          0          0          0   libshutdown2.o
         8          4          0          0         96         68   libspace.o
         2          0          0          0          0          0   rtexit.o
        10          0          0          0          0          0   rtexit2.o
        12          4          0          0          0         68   sys_exit.o
        74          0          0          0          0         80   sys_stackheap_outer.o
         2          0          0          0          0         68   use_no_semi.o
        10          0          0          0          0        116   fpinit.o

    ----------------------------------------------------------------------
       294         16          0          0        100        700   Library Totals
         8          0          0          0          4          0   (incl. Padding)

    ----------------------------------------------------------------------

      Code (inc. data)   RO Data    RW Data    ZI Data      Debug   Library Name

       276         16          0          0         96        584   c_w.l
        10          0          0          0          0        116   fz_wm.l

    ----------------------------------------------------------------------
       294         16          0          0        100        700   Library Totals

    ----------------------------------------------------------------------

==============================================================================


      Code (inc. data)   RO Data    RW Data    ZI Data      Debug   

      3374        326        438         68       1636     112631   Grand Totals
      3374        326        438         68       1636     112631   ELF Image Totals
      3374        326        438         68          0          0   ROM Totals

==============================================================================

    Total RO  Size (Code + RO Data)                 3812 (   3.72kB)
    Total RW  Size (RW Data + ZI Data)              1704 (   1.66kB)
    Total ROM Size (Code + RO Data + RW Data)       3880 (   3.79kB)

==============================================================================

